===== ANALYST longcat 2026-09-03 15:38:51 UTC =====
[91m[1mError: [0m{
  "name": "UnknownError",
  "data": {
    "message": "Unexpected server error. Check server logs for details.",
    "ref": "err_bd077ea0"
  }
}
===== ANALYST longcat 2026-09-03 19:05:04 UTC =====
[91m[1mError: [0m{
  "name": "UnknownError",
  "data": {
    "message": "Unexpected server error. Check server logs for details.",
    "ref": "err_13a447c2"
  }
}
===== ANALYST longcat 2026-09-03 21:36:55 UTC =====
[91m[1mError: [0m{
  "name": "UnknownError",
  "data": {
    "message": "Unexpected server error. Check server logs for details.",
    "ref": "err_341715b7"
  }
}
===== ANALYST longcat 2026-09-04 01:28:34 UTC =====
[91m[1mError: [0m{
  "name": "UnknownError",
  "data": {
    "message": "Unexpected server error. Check server logs for details.",
    "ref": "err_9c3af96f"
  }
}
===== ANALYST longcat 2026-09-04 06:15:30 UTC =====
[91m[1mError: [0m{
  "name": "UnknownError",
  "data": {
    "message": "Unexpected server error. Check server logs for details.",
    "ref": "err_0009b0c3"
  }
}
===== ANALYST longcat 2026-09-04 11:01:16 UTC =====
[91m[1mError: [0m{
  "name": "UnknownError",
  "data": {
    "message": "Unexpected server error. Check server logs for details.",
    "ref": "err_30bac933"
  }
}
===== ANALYST longcat 2026-09-04 14:54:49 UTC =====
[91m[1mError: [0m{
  "name": "UnknownError",
  "data": {
    "message": "Unexpected server error. Check server logs for details.",
    "ref": "err_201d426c"
  }
}
===== ANALYST longcat 2026-09-04 17:59:53 UTC =====
[91m[1mError: [0m{
  "name": "UnknownError",
  "data": {
    "message": "Unexpected server error. Check server logs for details.",
    "ref": "err_c9507661"
  }
}
===== ANALYST longcat 2026-09-04 20:19:13 UTC =====
[91m[1mError: [0m{
  "name": "UnknownError",
  "data": {
    "message": "Unexpected server error. Check server logs for details.",
    "ref": "err_0bf2eb78"
  }
}
===== ANALYST longcat 2026-09-04 22:25:11 UTC =====
[91m[1mError: [0m{
  "name": "UnknownError",
  "data": {
    "message": "Unexpected server error. Check server logs for details.",
    "ref": "err_c16c54fc"
  }
}
===== ANALYST longcat 2026-09-05 00:27:41 UTC =====
[91m[1mError: [0m{
  "name": "UnknownError",
  "data": {
    "message": "Unexpected server error. Check server logs for details.",
    "ref": "err_2356dfdf"
  }
}
===== ANALYST longcat 2026-09-05 04:59:19 UTC =====
[91m[1mError: [0m{
  "name": "UnknownError",
  "data": {
    "message": "Unexpected server error. Check server logs for details.",
    "ref": "err_76a39a2f"
  }
}
===== ANALYST longcat 2026-09-05 08:47:56 UTC =====
[91m[1mError: [0m{
  "name": "UnknownError",
  "data": {
    "message": "Unexpected server error. Check server logs for details.",
    "ref": "err_e354c691"
  }
}
===== ANALYST longcat 2026-09-05 12:19:18 UTC =====
[91m[1mError: [0m{
  "name": "UnknownError",
  "data": {
    "message": "Unexpected server error. Check server logs for details.",
    "ref": "err_22cb67fb"
  }
}
===== ANALYST longcat 2026-09-05 15:27:21 UTC =====
[91m[1mError: [0m{
  "name": "UnknownError",
  "data": {
    "message": "Unexpected server error. Check server logs for details.",
    "ref": "err_f260ec09"
  }
}
===== ANALYST longcat 2026-09-05 17:35:38 UTC =====
[91m[1mError: [0m{
  "name": "UnknownError",
  "data": {
    "message": "Unexpected server error. Check server logs for details.",
    "ref": "err_2c8d9bde"
  }
}
===== ANALYST longcat 2026-09-05 19:27:48 UTC =====
[91m[1mError: [0m{
  "name": "UnknownError",
  "data": {
    "message": "Unexpected server error. Check server logs for details.",
    "ref": "err_7789f38c"
  }
}
===== ANALYST longcat 2026-09-05 21:49:10 UTC =====
[91m[1mError: [0m{
  "name": "UnknownError",
  "data": {
    "message": "Unexpected server error. Check server logs for details.",
    "ref": "err_75eb2e22"
  }
}
===== ANALYST longcat 2026-09-05 23:22:10 UTC =====
[91m[1mError: [0m{
  "name": "UnknownError",
  "data": {
    "message": "Unexpected server error. Check server logs for details.",
    "ref": "err_6a079cff"
  }
}
===== ANALYST longcat 2026-09-06 01:06:23 UTC =====
[91m[1mError: [0m{
  "name": "UnknownError",
  "data": {
    "message": "Unexpected server error. Check server logs for details.",
    "ref": "err_7ad0019d"
  }
}
===== ANALYST longcat 2026-09-06 06:02:58 UTC =====
[91m[1mError: [0m{
  "name": "UnknownError",
  "data": {
    "message": "Unexpected server error. Check server logs for details.",
    "ref": "err_35a3ad52"
  }
}
===== ANALYST longcat 2026-09-06 10:45:38 UTC =====
[91m[1mError: [0m{
  "name": "UnknownError",
  "data": {
    "message": "Unexpected server error. Check server logs for details.",
    "ref": "err_a5755fc4"
  }
}
===== ANALYST longcat 2026-09-06 13:52:16 UTC =====
[91m[1mError: [0m{
  "name": "UnknownError",
  "data": {
    "message": "Unexpected server error. Check server logs for details.",
    "ref": "err_e8d6fcc2"
  }
}
===== ANALYST longcat 2026-09-06 16:40:04 UTC =====
[91m[1mError: [0m{
  "name": "UnknownError",
  "data": {
    "message": "Unexpected server error. Check server logs for details.",
    "ref": "err_b52735d4"
  }
}
===== ANALYST longcat 2026-09-06 18:43:42 UTC =====
[91m[1mError: [0m{
  "name": "UnknownError",
  "data": {
    "message": "Unexpected server error. Check server logs for details.",
    "ref": "err_de5d6efd"
  }
}
===== ANALYST longcat 2026-09-06 20:50:13 UTC =====
[91m[1mError: [0m{
  "name": "UnknownError",
  "data": {
    "message": "Unexpected server error. Check server logs for details.",
    "ref": "err_114221e8"
  }
}
===== ANALYST longcat 2026-09-06 22:37:49 UTC =====
[91m[1mError: [0m{
  "name": "UnknownError",
  "data": {
    "message": "Unexpected server error. Check server logs for details.",
    "ref": "err_f1dae071"
  }
}
===== ANALYST longcat 2026-09-07 00:25:59 UTC =====
[91m[1mError: [0m{
  "name": "UnknownError",
  "data": {
    "message": "Unexpected server error. Check server logs for details.",
    "ref": "err_fd474757"
  }
}
===== ANALYST longcat 2026-09-07 04:55:52 UTC =====
[91m[1mError: [0m{
  "name": "UnknownError",
  "data": {
    "message": "Unexpected server error. Check server logs for details.",
    "ref": "err_dad1a763"
  }
}
===== ANALYST longcat 2026-09-07 09:54:45 UTC =====
[91m[1mError: [0m{
  "name": "UnknownError",
  "data": {
    "message": "Unexpected server error. Check server logs for details.",
    "ref": "err_0787f93f"
  }
}
===== ANALYST longcat 2026-09-07 15:41:47 UTC =====
[91m[1mError: [0m{
  "name": "UnknownError",
  "data": {
    "message": "Unexpected server error. Check server logs for details.",
    "ref": "err_31c32c84"
  }
}
===== ANALYST longcat 2026-09-07 19:42:23 UTC =====
[91m[1mError: [0m{
  "name": "UnknownError",
  "data": {
    "message": "Unexpected server error. Check server logs for details.",
    "ref": "err_561be0c9"
  }
}
===== ANALYST longcat 2026-09-07 22:22:49 UTC =====
[91m[1mError: [0m{
  "name": "UnknownError",
  "data": {
    "message": "Unexpected server error. Check server logs for details.",
    "ref": "err_0a72695f"
  }
}
===== ANALYST longcat 2026-09-08 00:38:24 UTC =====
[91m[1mError: [0m{
  "name": "UnknownError",
  "data": {
    "message": "Unexpected server error. Check server logs for details.",
    "ref": "err_6775fbfb"
  }
}
===== ANALYST longcat 2026-09-08 05:12:26 UTC =====
[91m[1mError: [0m{
  "name": "UnknownError",
  "data": {
    "message": "Unexpected server error. Check server logs for details.",
    "ref": "err_924da119"
  }
}
===== ANALYST longcat 2026-09-08 09:47:18 UTC =====
[91m[1mError: [0m{
  "name": "UnknownError",
  "data": {
    "message": "Unexpected server error. Check server logs for details.",
    "ref": "err_05ad904c"
  }
}
===== ANALYST longcat 2026-09-08 14:20:23 UTC =====
[91m[1mError: [0m{
  "name": "UnknownError",
  "data": {
    "message": "Unexpected server error. Check server logs for details.",
    "ref": "err_93abe59d"
  }
}
===== ANALYST longcat 2026-09-08 18:10:29 UTC =====
[91m[1mError: [0m{
  "name": "UnknownError",
  "data": {
    "message": "Unexpected server error. Check server logs for details.",
    "ref": "err_f9ac80a1"
  }
}
===== ANALYST longcat 2026-09-08 20:35:57 UTC =====
[91m[1mError: [0m{
  "name": "UnknownError",
  "data": {
    "message": "Unexpected server error. Check server logs for details.",
    "ref": "err_a2bbe1f5"
  }
}
===== ANALYST longcat 2026-09-08 22:59:26 UTC =====
[91m[1mError: [0m{
  "name": "UnknownError",
  "data": {
    "message": "Unexpected server error. Check server logs for details.",
    "ref": "err_4a1c2cfa"
  }
}
===== ANALYST longcat 2026-09-09 01:16:30 UTC =====
[91m[1mError: [0m{
  "name": "UnknownError",
  "data": {
    "message": "Unexpected server error. Check server logs for details.",
    "ref": "err_162c020c"
  }
}
===== ANALYST longcat 2026-09-09 05:56:28 UTC =====
[91m[1mError: [0m{
  "name": "UnknownError",
  "data": {
    "message": "Unexpected server error. Check server logs for details.",
    "ref": "err_80148f3a"
  }
}
===== ANALYST longcat 2026-09-09 10:46:31 UTC =====
[91m[1mError: [0m{
  "name": "UnknownError",
  "data": {
    "message": "Unexpected server error. Check server logs for details.",
    "ref": "err_d404aaae"
  }
}
===== ANALYST longcat 2026-09-09 14:50:14 UTC =====
[91m[1mError: [0m{
  "name": "UnknownError",
  "data": {
    "message": "Unexpected server error. Check server logs for details.",
    "ref": "err_fc19d051"
  }
}
===== ANALYST longcat 2026-09-09 18:15:41 UTC =====
[91m[1mError: [0m{
  "name": "UnknownError",
  "data": {
    "message": "Unexpected server error. Check server logs for details.",
    "ref": "err_8634094a"
  }
}
===== ANALYST longcat 2026-09-09 21:01:57 UTC =====
[91m[1mError: [0m{
  "name": "UnknownError",
  "data": {
    "message": "Unexpected server error. Check server logs for details.",
    "ref": "err_8204509c"
  }
}
===== ANALYST longcat 2026-09-09 23:14:42 UTC =====
[91m[1mError: [0m{
  "name": "UnknownError",
  "data": {
    "message": "Unexpected server error. Check server logs for details.",
    "ref": "err_2a02ca6d"
  }
}
===== ANALYST longcat 2026-09-10 00:50:33 UTC =====
[91m[1mError: [0m{
  "name": "UnknownError",
  "data": {
    "message": "Unexpected server error. Check server logs for details.",
    "ref": "err_095142b2"
  }
}
===== ANALYST longcat 2026-09-10 05:31:54 UTC =====
[91m[1mError: [0m{
  "name": "UnknownError",
  "data": {
    "message": "Unexpected server error. Check server logs for details.",
    "ref": "err_3fa5d4d2"
  }
}
===== ANALYST longcat 2026-09-10 10:12:59 UTC =====
[91m[1mError: [0m{
  "name": "UnknownError",
  "data": {
    "message": "Unexpected server error. Check server logs for details.",
    "ref": "err_94435273"
  }
}
===== ANALYST longcat 2026-09-10 14:36:44 UTC =====
[91m[1mError: [0m{
  "name": "UnknownError",
  "data": {
    "message": "Unexpected server error. Check server logs for details.",
    "ref": "err_30de2d77"
  }
}
===== ANALYST longcat 2026-09-10 17:57:53 UTC =====
[91m[1mError: [0m{
  "name": "UnknownError",
  "data": {
    "message": "Unexpected server error. Check server logs for details.",
    "ref": "err_c8c26494"
  }
}
===== ANALYST longcat 2026-09-10 20:20:47 UTC =====
[91m[1mError: [0m{
  "name": "UnknownError",
  "data": {
    "message": "Unexpected server error. Check server logs for details.",
    "ref": "err_6e84d51d"
  }
}
===== ANALYST longcat 2026-09-10 22:39:12 UTC =====
[91m[1mError: [0m{
  "name": "UnknownError",
  "data": {
    "message": "Unexpected server error. Check server logs for details.",
    "ref": "err_3f760b02"
  }
}
===== ANALYST longcat 2026-09-11 00:44:48 UTC =====
[91m[1mError: [0m{
  "name": "UnknownError",
  "data": {
    "message": "Unexpected server error. Check server logs for details.",
    "ref": "err_b0b15bb5"
  }
}
===== ANALYST longcat 2026-09-11 05:12:37 UTC =====
[91m[1mError: [0m{
  "name": "UnknownError",
  "data": {
    "message": "Unexpected server error. Check server logs for details.",
    "ref": "err_522e9ce6"
  }
}
===== ANALYST longcat 2026-09-11 09:52:37 UTC =====
[91m[1mError: [0m{
  "name": "UnknownError",
  "data": {
    "message": "Unexpected server error. Check server logs for details.",
    "ref": "err_efcfaaec"
  }
}
===== ANALYST longcat 2026-09-11 14:07:58 UTC =====
[91m[1mError: [0m{
  "name": "UnknownError",
  "data": {
    "message": "Unexpected server error. Check server logs for details.",
    "ref": "err_79a862a1"
  }
}
===== ANALYST longcat 2026-09-11 17:49:10 UTC =====
[91m[1mError: [0m{
  "name": "UnknownError",
  "data": {
    "message": "Unexpected server error. Check server logs for details.",
    "ref": "err_694b60a4"
  }
}
===== ANALYST longcat 2026-09-11 20:07:33 UTC =====
[91m[1mError: [0m{
  "name": "UnknownError",
  "data": {
    "message": "Unexpected server error. Check server logs for details.",
    "ref": "err_163523a4"
  }
}
===== ANALYST longcat 2026-09-11 22:27:32 UTC =====
[91m[1mError: [0m{
  "name": "UnknownError",
  "data": {
    "message": "Unexpected server error. Check server logs for details.",
    "ref": "err_ca1b469f"
  }
}
===== ANALYST longcat 2026-09-12 00:38:34 UTC =====
[91m[1mError: [0m{
  "name": "UnknownError",
  "data": {
    "message": "Unexpected server error. Check server logs for details.",
    "ref": "err_dfea9c8b"
  }
}
===== ANALYST longcat 2026-09-12 05:01:08 UTC =====
[91m[1mError: [0m{
  "name": "UnknownError",
  "data": {
    "message": "Unexpected server error. Check server logs for details.",
    "ref": "err_8dc70364"
  }
}
===== ANALYST longcat 2026-09-12 09:04:28 UTC =====
[91m[1mError: [0m{
  "name": "UnknownError",
  "data": {
    "message": "Unexpected server error. Check server logs for details.",
    "ref": "err_737e0ab4"
  }
}
===== ANALYST longcat 2026-09-12 12:54:56 UTC =====
[91m[1mError: [0m{
  "name": "UnknownError",
  "data": {
    "message": "Unexpected server error. Check server logs for details.",
    "ref": "err_aec3110e"
  }
}
===== ANALYST longcat 2026-09-12 16:07:18 UTC =====
[91m[1mError: [0m{
  "name": "UnknownError",
  "data": {
    "message": "Unexpected server error. Check server logs for details.",
    "ref": "err_c63321d3"
  }
}
===== ANALYST longcat 2026-09-12 18:03:28 UTC =====
[91m[1mError: [0m{
  "name": "UnknownError",
  "data": {
    "message": "Unexpected server error. Check server logs for details.",
    "ref": "err_853837a2"
  }
}
===== ANALYST longcat 2026-09-12 20:44:26 UTC =====
[91m[1mError: [0m{
  "name": "UnknownError",
  "data": {
    "message": "Unexpected server error. Check server logs for details.",
    "ref": "err_859e8cc3"
  }
}
===== ANALYST longcat 2026-09-12 22:33:52 UTC =====
[91m[1mError: [0m{
  "name": "UnknownError",
  "data": {
    "message": "Unexpected server error. Check server logs for details.",
    "ref": "err_f85af420"
  }
}
===== ANALYST longcat 2026-09-13 00:17:32 UTC =====
[91m[1mError: [0m{
  "name": "UnknownError",
  "data": {
    "message": "Unexpected server error. Check server logs for details.",
    "ref": "err_18e065fc"
  }
}
===== ANALYST longcat 2026-09-13 05:09:17 UTC =====
[91m[1mError: [0m{
  "name": "UnknownError",
  "data": {
    "message": "Unexpected server error. Check server logs for details.",
    "ref": "err_61c79233"
  }
}
===== ANALYST longcat 2026-09-13 10:00:13 UTC =====
[91m[1mError: [0m{
  "name": "UnknownError",
  "data": {
    "message": "Unexpected server error. Check server logs for details.",
    "ref": "err_83d1e551"
  }
}
===== ANALYST longcat 2026-09-13 14:19:08 UTC =====
[91m[1mError: [0m{
  "name": "UnknownError",
  "data": {
    "message": "Unexpected server error. Check server logs for details.",
    "ref": "err_62a7d36e"
  }
}
===== ANALYST longcat 2026-09-13 17:22:56 UTC =====
[91m[1mError: [0m{
  "name": "UnknownError",
  "data": {
    "message": "Unexpected server error. Check server logs for details.",
    "ref": "err_c1f2b002"
  }
}
===== ANALYST longcat 2026-09-13 19:38:42 UTC =====
[91m[1mError: [0m{
  "name": "UnknownError",
  "data": {
    "message": "Unexpected server error. Check server logs for details.",
    "ref": "err_7747ab2f"
  }
}
===== ANALYST longcat 2026-09-13 21:40:13 UTC =====
[91m[1mError: [0m{
  "name": "UnknownError",
  "data": {
    "message": "Unexpected server error. Check server logs for details.",
    "ref": "err_d7993c5b"
  }
}
===== ANALYST longcat 2026-09-13 23:33:53 UTC =====
[91m[1mError: [0m{
  "name": "UnknownError",
  "data": {
    "message": "Unexpected server error. Check server logs for details.",
    "ref": "err_a0038e26"
  }
}
===== ANALYST longcat 2026-09-14 01:36:12 UTC =====
[91m[1mError: [0m{
  "name": "UnknownError",
  "data": {
    "message": "Unexpected server error. Check server logs for details.",
    "ref": "err_3a79bf7a"
  }
}
===== ANALYST longcat 2026-09-14 07:06:06 UTC =====
[91m[1mError: [0m{
  "name": "UnknownError",
  "data": {
    "message": "Unexpected server error. Check server logs for details.",
    "ref": "err_47024e1a"
  }
}
===== ANALYST longcat 2026-09-14 14:02:51 UTC =====
[91m[1mError: [0m{
  "name": "UnknownError",
  "data": {
    "message": "Unexpected server error. Check server logs for details.",
    "ref": "err_bff37dcf"
  }
}
===== ANALYST longcat 2026-09-14 19:02:36 UTC =====
[91m[1mError: [0m{
  "name": "UnknownError",
  "data": {
    "message": "Unexpected server error. Check server logs for details.",
    "ref": "err_c5a2cfc7"
  }
}
===== ANALYST longcat 2026-09-14 22:18:36 UTC =====
[91m[1mError: [0m{
  "name": "UnknownError",
  "data": {
    "message": "Unexpected server error. Check server logs for details.",
    "ref": "err_0a6e5a7f"
  }
}
===== ANALYST longcat 2026-09-15 00:42:33 UTC =====
[91m[1mError: [0m{
  "name": "UnknownError",
  "data": {
    "message": "Unexpected server error. Check server logs for details.",
    "ref": "err_e24e14a9"
  }
}
===== ANALYST longcat 2026-09-15 05:23:41 UTC =====
[91m[1mError: [0m{
  "name": "UnknownError",
  "data": {
    "message": "Unexpected server error. Check server logs for details.",
    "ref": "err_6736cc42"
  }
}
===== ANALYST longcat 2026-09-15 10:28:06 UTC =====
[91m[1mError: [0m{
  "name": "UnknownError",
  "data": {
    "message": "Unexpected server error. Check server logs for details.",
    "ref": "err_fa98bdf3"
  }
}
===== ANALYST longcat 2026-09-15 15:35:16 UTC =====
[91m[1mError: [0m{
  "name": "UnknownError",
  "data": {
    "message": "Unexpected server error. Check server logs for details.",
    "ref": "err_245f0661"
  }
}
===== ANALYST longcat 2026-09-15 19:07:04 UTC =====
[91m[1mError: [0m{
  "name": "UnknownError",
  "data": {
    "message": "Unexpected server error. Check server logs for details.",
    "ref": "err_2e9e168f"
  }
}
===== ANALYST longcat 2026-09-15 22:20:26 UTC =====
[91m[1mError: [0m{
  "name": "UnknownError",
  "data": {
    "message": "Unexpected server error. Check server logs for details.",
    "ref": "err_80aaed74"
  }
}
===== ANALYST longcat 2026-09-16 00:28:00 UTC =====
[91m[1mError: [0m{
  "name": "UnknownError",
  "data": {
    "message": "Unexpected server error. Check server logs for details.",
    "ref": "err_d3c29f3e"
  }
}
===== ANALYST longcat 2026-09-16 05:14:52 UTC =====
[91m[1mError: [0m{
  "name": "UnknownError",
  "data": {
    "message": "Unexpected server error. Check server logs for details.",
    "ref": "err_7d90b856"
  }
}
===== ANALYST longcat 2026-09-16 10:07:26 UTC =====
[91m[1mError: [0m{
  "name": "UnknownError",
  "data": {
    "message": "Unexpected server error. Check server logs for details.",
    "ref": "err_a44bbc0f"
  }
}
===== ANALYST longcat 2026-09-16 14:44:03 UTC =====
[91m[1mError: [0m{
  "name": "UnknownError",
  "data": {
    "message": "Unexpected server error. Check server logs for details.",
    "ref": "err_c7722a5c"
  }
}
===== ANALYST longcat 2026-09-16 18:54:01 UTC =====
[91m[1mError: [0m{
  "name": "UnknownError",
  "data": {
    "message": "Unexpected server error. Check server logs for details.",
    "ref": "err_56138438"
  }
}
===== ANALYST longcat 2026-09-16 21:45:19 UTC =====
[91m[1mError: [0m{
  "name": "UnknownError",
  "data": {
    "message": "Unexpected server error. Check server logs for details.",
    "ref": "err_07823781"
  }
}
===== ANALYST longcat 2026-09-16 23:51:54 UTC =====
[91m[1mError: [0m{
  "name": "UnknownError",
  "data": {
    "message": "Unexpected server error. Check server logs for details.",
    "ref": "err_db1b9549"
  }
}
===== ANALYST longcat 2026-09-17 02:37:15 UTC =====
[91m[1mError: [0m{
  "name": "UnknownError",
  "data": {
    "message": "Unexpected server error. Check server logs for details.",
    "ref": "err_e88cae1e"
  }
}
===== ANALYST longcat 2026-09-17 07:59:25 UTC =====
[91m[1mError: [0m{
  "name": "UnknownError",
  "data": {
    "message": "Unexpected server error. Check server logs for details.",
    "ref": "err_c9838177"
  }
}
===== ANALYST longcat 2026-09-17 13:07:41 UTC =====
[91m[1mError: [0m{
  "name": "UnknownError",
  "data": {
    "message": "Unexpected server error. Check server logs for details.",
    "ref": "err_879b5e07"
  }
}
===== ANALYST longcat 2026-09-17 17:42:27 UTC =====
[91m[1mError: [0m{
  "name": "UnknownError",
  "data": {
    "message": "Unexpected server error. Check server logs for details.",
    "ref": "err_3ccccd63"
  }
}
===== ANALYST longcat 2026-09-17 20:38:24 UTC =====
[91m[1mError: [0m{
  "name": "UnknownError",
  "data": {
    "message": "Unexpected server error. Check server logs for details.",
    "ref": "err_5b291aca"
  }
}
===== ANALYST longcat 2026-09-17 23:05:23 UTC =====
[91m[1mError: [0m{
  "name": "UnknownError",
  "data": {
    "message": "Unexpected server error. Check server logs for details.",
    "ref": "err_79478fd4"
  }
}
===== ANALYST longcat 2026-09-18 01:24:17 UTC =====
[91m[1mError: [0m{
  "name": "UnknownError",
  "data": {
    "message": "Unexpected server error. Check server logs for details.",
    "ref": "err_ff730d06"
  }
}
===== ANALYST longcat 2026-09-18 06:04:37 UTC =====
[91m[1mError: [0m{
  "name": "UnknownError",
  "data": {
    "message": "Unexpected server error. Check server logs for details.",
    "ref": "err_a06c7428"
  }
}
===== ANALYST longcat 2026-09-18 10:54:07 UTC =====
[91m[1mError: [0m{
  "name": "UnknownError",
  "data": {
    "message": "Unexpected server error. Check server logs for details.",
    "ref": "err_2f964ee6"
  }
}
===== ANALYST longcat 2026-09-18 14:44:53 UTC =====
[91m[1mError: [0m{
  "name": "UnknownError",
  "data": {
    "message": "Unexpected server error. Check server logs for details.",
    "ref": "err_4a88fcf1"
  }
}
===== ANALYST longcat 2026-09-18 18:04:45 UTC =====
[91m[1mError: [0m{
  "name": "UnknownError",
  "data": {
    "message": "Unexpected server error. Check server logs for details.",
    "ref": "err_779811f0"
  }
}
===== ANALYST longcat 2026-09-18 20:30:47 UTC =====
[91m[1mError: [0m{
  "name": "UnknownError",
  "data": {
    "message": "Unexpected server error. Check server logs for details.",
    "ref": "err_b80ef5b5"
  }
}
===== ANALYST longcat 2026-09-18 22:48:44 UTC =====
[91m[1mError: [0m{
  "name": "UnknownError",
  "data": {
    "message": "Unexpected server error. Check server logs for details.",
    "ref": "err_7e9b1fff"
  }
}
===== ANALYST longcat 2026-09-19 00:51:10 UTC =====
[91m[1mError: [0m{
  "name": "UnknownError",
  "data": {
    "message": "Unexpected server error. Check server logs for details.",
    "ref": "err_d0fed60d"
  }
}
===== ANALYST longcat 2026-09-19 05:21:17 UTC =====
[91m[1mError: [0m{
  "name": "UnknownError",
  "data": {
    "message": "Unexpected server error. Check server logs for details.",
    "ref": "err_a98d148f"
  }
}
===== ANALYST longcat 2026-09-19 09:39:12 UTC =====
[91m[1mError: [0m{
  "name": "UnknownError",
  "data": {
    "message": "Unexpected server error. Check server logs for details.",
    "ref": "err_7906eeaf"
  }
}
===== ANALYST longcat 2026-09-19 13:27:52 UTC =====
[91m[1mError: [0m{
  "name": "UnknownError",
  "data": {
    "message": "Unexpected server error. Check server logs for details.",
    "ref": "err_57db1091"
  }
}
===== ANALYST longcat 2026-09-19 16:51:18 UTC =====
[91m[1mError: [0m{
  "name": "UnknownError",
  "data": {
    "message": "Unexpected server error. Check server logs for details.",
    "ref": "err_bc2ca365"
  }
}
===== ANALYST longcat 2026-09-19 19:09:47 UTC =====
[91m[1mError: [0m{
  "name": "UnknownError",
  "data": {
    "message": "Unexpected server error. Check server logs for details.",
    "ref": "err_04882a1e"
  }
}
===== ANALYST longcat 2026-09-19 21:29:44 UTC =====
[91m[1mError: [0m{
  "name": "UnknownError",
  "data": {
    "message": "Unexpected server error. Check server logs for details.",
    "ref": "err_d0ac3226"
  }
}
===== ANALYST longcat 2026-09-19 23:30:26 UTC =====
[91m[1mError: [0m{
  "name": "UnknownError",
  "data": {
    "message": "Unexpected server error. Check server logs for details.",
    "ref": "err_d3e67092"
  }
}
===== ANALYST longcat 2026-09-20 01:35:24 UTC =====
[91m[1mError: [0m{
  "name": "UnknownError",
  "data": {
    "message": "Unexpected server error. Check server logs for details.",
    "ref": "err_11fd45bc"
  }
}
===== ANALYST longcat 2026-09-20 07:02:10 UTC =====
[91m[1mError: [0m{
  "name": "UnknownError",
  "data": {
    "message": "Unexpected server error. Check server logs for details.",
    "ref": "err_1d599b54"
  }
}
===== ANALYST longcat 2026-09-20 11:58:17 UTC =====
[91m[1mError: [0m{
  "name": "UnknownError",
  "data": {
    "message": "Unexpected server error. Check server logs for details.",
    "ref": "err_0521ecc1"
  }
}
===== ANALYST longcat 2026-09-20 15:19:57 UTC =====
[91m[1mError: [0m{
  "name": "UnknownError",
  "data": {
    "message": "Unexpected server error. Check server logs for details.",
    "ref": "err_bb552ad3"
  }
}
===== ANALYST longcat 2026-09-20 18:15:14 UTC =====
[91m[1mError: [0m{
  "name": "UnknownError",
  "data": {
    "message": "Unexpected server error. Check server logs for details.",
    "ref": "err_a1ffa434"
  }
}
===== ANALYST longcat 2026-09-20 20:55:55 UTC =====
[91m[1mError: [0m{
  "name": "UnknownError",
  "data": {
    "message": "Unexpected server error. Check server logs for details.",
    "ref": "err_c586cc23"
  }
}
===== ANALYST longcat 2026-09-20 22:49:26 UTC =====
[91m[1mError: [0m{
  "name": "UnknownError",
  "data": {
    "message": "Unexpected server error. Check server logs for details.",
    "ref": "err_a4635b2a"
  }
}
===== ANALYST longcat 2026-09-21 00:44:28 UTC =====
[91m[1mError: [0m{
  "name": "UnknownError",
  "data": {
    "message": "Unexpected server error. Check server logs for details.",
    "ref": "err_24d8f617"
  }
}
===== ANALYST longcat 2026-09-21 05:43:49 UTC =====
[91m[1mError: [0m{
  "name": "UnknownError",
  "data": {
    "message": "Unexpected server error. Check server logs for details.",
    "ref": "err_b9fc4816"
  }
}
===== ANALYST longcat 2026-09-21 11:33:12 UTC =====
[91m[1mError: [0m{
  "name": "UnknownError",
  "data": {
    "message": "Unexpected server error. Check server logs for details.",
    "ref": "err_11bbf491"
  }
}
===== ANALYST longcat 2026-09-21 17:13:26 UTC =====
[91m[1mError: [0m{
  "name": "UnknownError",
  "data": {
    "message": "Unexpected server error. Check server logs for details.",
    "ref": "err_398313a0"
  }
}
===== ANALYST longcat 2026-09-21 21:11:16 UTC =====
[91m[1mError: [0m{
  "name": "UnknownError",
  "data": {
    "message": "Unexpected server error. Check server logs for details.",
    "ref": "err_0879ce9c"
  }
}
===== ANALYST longcat 2026-09-22 00:11:49 UTC =====
[91m[1mError: [0m{
  "name": "UnknownError",
  "data": {
    "message": "Unexpected server error. Check server logs for details.",
    "ref": "err_656c4535"
  }
}
===== ANALYST longcat 2026-09-22 05:01:35 UTC =====
[91m[1mError: [0m{
  "name": "UnknownError",
  "data": {
    "message": "Unexpected server error. Check server logs for details.",
    "ref": "err_c7e49780"
  }
}
===== ANALYST longcat 2026-09-22 09:43:18 UTC =====
[91m[1mError: [0m{
  "name": "UnknownError",
  "data": {
    "message": "Unexpected server error. Check server logs for details.",
    "ref": "err_5ae1341a"
  }
}
===== ANALYST longcat 2026-09-22 14:19:13 UTC =====
[91m[1mError: [0m{
  "name": "UnknownError",
  "data": {
    "message": "Unexpected server error. Check server logs for details.",
    "ref": "err_b517a297"
  }
}
===== ANALYST longcat 2026-09-22 18:21:52 UTC =====
[91m[1mError: [0m{
  "name": "UnknownError",
  "data": {
    "message": "Unexpected server error. Check server logs for details.",
    "ref": "err_24bbd4b4"
  }
}
===== ANALYST longcat 2026-09-22 21:28:51 UTC =====
[91m[1mError: [0m{
  "name": "UnknownError",
  "data": {
    "message": "Unexpected server error. Check server logs for details.",
    "ref": "err_42271a5b"
  }
}
===== ANALYST longcat 2026-09-22 23:49:12 UTC =====
[91m[1mError: [0m{
  "name": "UnknownError",
  "data": {
    "message": "Unexpected server error. Check server logs for details.",
    "ref": "err_bb27eeb7"
  }
}
===== ANALYST longcat 2026-09-23 02:34:14 UTC =====
[91m[1mError: [0m{
  "name": "UnknownError",
  "data": {
    "message": "Unexpected server error. Check server logs for details.",
    "ref": "err_19fa75f3"
  }
}
===== ANALYST longcat 2026-09-23 08:00:46 UTC =====
[91m[1mError: [0m{
  "name": "UnknownError",
  "data": {
    "message": "Unexpected server error. Check server logs for details.",
    "ref": "err_ba4d8da7"
  }
}
===== ANALYST longcat 2026-09-23 13:18:39 UTC =====
[91m[1mError: [0m{
  "name": "UnknownError",
  "data": {
    "message": "Unexpected server error. Check server logs for details.",
    "ref": "err_6bb6f6a5"
  }
}
===== ANALYST longcat 2026-09-23 17:57:04 UTC =====
[91m[1mError: [0m{
  "name": "UnknownError",
  "data": {
    "message": "Unexpected server error. Check server logs for details.",
    "ref": "err_eff6494e"
  }
}
===== ANALYST longcat 2026-09-23 20:58:02 UTC =====
[91m[1mError: [0m{
  "name": "UnknownError",
  "data": {
    "message": "Unexpected server error. Check server logs for details.",
    "ref": "err_156964cb"
  }
}
===== ANALYST longcat 2026-09-23 23:26:49 UTC =====
[91m[1mError: [0m{
  "name": "UnknownError",
  "data": {
    "message": "Unexpected server error. Check server logs for details.",
    "ref": "err_76a7f6a2"
  }
}
===== ANALYST longcat 2026-09-24 01:40:06 UTC =====
[91m[1mError: [0m{
  "name": "UnknownError",
  "data": {
    "message": "Unexpected server error. Check server logs for details.",
    "ref": "err_7ddf844e"
  }
}
===== ANALYST longcat 2026-09-24 06:47:23 UTC =====
[91m[1mError: [0m{
  "name": "UnknownError",
  "data": {
    "message": "Unexpected server error. Check server logs for details.",
    "ref": "err_2dba3999"
  }
}
===== ANALYST longcat 2026-09-24 12:29:28 UTC =====
[91m[1mError: [0m{
  "name": "UnknownError",
  "data": {
    "message": "Unexpected server error. Check server logs for details.",
    "ref": "err_736713f6"
  }
}
===== ANALYST longcat 2026-09-24 17:33:07 UTC =====
[91m[1mError: [0m{
  "name": "UnknownError",
  "data": {
    "message": "Unexpected server error. Check server logs for details.",
    "ref": "err_17347f2c"
  }
}
===== ANALYST longcat 2026-09-24 20:46:14 UTC =====
[91m[1mError: [0m{
  "name": "UnknownError",
  "data": {
    "message": "Unexpected server error. Check server logs for details.",
    "ref": "err_7370cbc1"
  }
}
===== ANALYST longcat 2026-09-24 23:42:15 UTC =====
[91m[1mError: [0m{
  "name": "UnknownError",
  "data": {
    "message": "Unexpected server error. Check server logs for details.",
    "ref": "err_11ac14cc"
  }
}
===== ANALYST longcat 2026-09-25 02:41:48 UTC =====
[91m[1mError: [0m{
  "name": "UnknownError",
  "data": {
    "message": "Unexpected server error. Check server logs for details.",
    "ref": "err_7a8ce431"
  }
}
===== ANALYST longcat 2026-09-25 08:13:32 UTC =====
[91m[1mError: [0m{
  "name": "UnknownError",
  "data": {
    "message": "Unexpected server error. Check server logs for details.",
    "ref": "err_c033e5ef"
  }
}
===== ANALYST longcat 2026-09-25 13:53:39 UTC =====
[91m[1mError: [0m{
  "name": "UnknownError",
  "data": {
    "message": "Unexpected server error. Check server logs for details.",
    "ref": "err_6d74c568"
  }
}
===== ANALYST longcat 2026-09-25 18:11:28 UTC =====
[91m[1mError: [0m{
  "name": "UnknownError",
  "data": {
    "message": "Unexpected server error. Check server logs for details.",
    "ref": "err_44a43718"
  }
}
===== ANALYST longcat 2026-09-25 21:39:52 UTC =====
[91m[1mError: [0m{
  "name": "UnknownError",
  "data": {
    "message": "Unexpected server error. Check server logs for details.",
    "ref": "err_af6dcb62"
  }
}
===== ANALYST longcat 2026-09-26 00:10:53 UTC =====
[91m[1mError: [0m{
  "name": "UnknownError",
  "data": {
    "message": "Unexpected server error. Check server logs for details.",
    "ref": "err_59408da2"
  }
}
===== ANALYST longcat 2026-09-26 05:04:47 UTC =====
[91m[1mError: [0m{
  "name": "UnknownError",
  "data": {
    "message": "Unexpected server error. Check server logs for details.",
    "ref": "err_158630a1"
  }
}
===== ANALYST longcat 2026-09-26 10:00:42 UTC =====
[91m[1mError: [0m{
  "name": "UnknownError",
  "data": {
    "message": "Unexpected server error. Check server logs for details.",
    "ref": "err_4d07ab12"
  }
}
===== ANALYST longcat 2026-09-26 14:00:49 UTC =====
[91m[1mError: [0m{
  "name": "UnknownError",
  "data": {
    "message": "Unexpected server error. Check server logs for details.",
    "ref": "err_404d755a"
  }
}
===== ANALYST longcat 2026-09-26 17:40:46 UTC =====
[91m[1mError: [0m{
  "name": "UnknownError",
  "data": {
    "message": "Unexpected server error. Check server logs for details.",
    "ref": "err_3759551f"
  }
}
===== ANALYST longcat 2026-09-26 20:14:26 UTC =====
[91m[1mError: [0m{
  "name": "UnknownError",
  "data": {
    "message": "Unexpected server error. Check server logs for details.",
    "ref": "err_482bf101"
  }
}
===== ANALYST longcat 2026-09-26 23:00:23 UTC =====
[91m[1mError: [0m{
  "name": "UnknownError",
  "data": {
    "message": "Unexpected server error. Check server logs for details.",
    "ref": "err_73dc75ad"
  }
}
===== ANALYST longcat 2026-09-27 01:04:34 UTC =====
[91m[1mError: [0m{
  "name": "UnknownError",
  "data": {
    "message": "Unexpected server error. Check server logs for details.",
    "ref": "err_4134d220"
  }
}
===== ANALYST longcat 2026-09-27 06:41:11 UTC =====
[91m[1mError: [0m{
  "name": "UnknownError",
  "data": {
    "message": "Unexpected server error. Check server logs for details.",
    "ref": "err_0577c1d2"
  }
}
===== ANALYST longcat 2026-09-27 12:30:10 UTC =====
[91m[1mError: [0m{
  "name": "UnknownError",
  "data": {
    "message": "Unexpected server error. Check server logs for details.",
    "ref": "err_528da6e1"
  }
}
===== ANALYST longcat 2026-09-27 17:19:51 UTC =====
[91m[1mError: [0m{
  "name": "UnknownError",
  "data": {
    "message": "Unexpected server error. Check server logs for details.",
    "ref": "err_511a327a"
  }
}
===== ANALYST longcat 2026-09-27 20:15:17 UTC =====
[91m[1mError: [0m{
  "name": "UnknownError",
  "data": {
    "message": "Unexpected server error. Check server logs for details.",
    "ref": "err_6902eaa0"
  }
}
===== ANALYST longcat 2026-09-27 23:07:25 UTC =====
[91m[1mError: [0m{
  "name": "UnknownError",
  "data": {
    "message": "Unexpected server error. Check server logs for details.",
    "ref": "err_26fd46c7"
  }
}
===== ANALYST longcat 2026-09-28 01:50:08 UTC =====
[91m[1mError: [0m{
  "name": "UnknownError",
  "data": {
    "message": "Unexpected server error. Check server logs for details.",
    "ref": "err_ec0c211a"
  }
}
===== ANALYST longcat 2026-09-28 08:04:59 UTC =====
[91m[1mError: [0m{
  "name": "UnknownError",
  "data": {
    "message": "Unexpected server error. Check server logs for details.",
    "ref": "err_43f2300b"
  }
}
===== ANALYST longcat 2026-09-28 16:39:25 UTC =====
[91m[1mError: [0m{
  "name": "UnknownError",
  "data": {
    "message": "Unexpected server error. Check server logs for details.",
    "ref": "err_ed3b7394"
  }
}
===== ANALYST longcat 2026-09-28 22:18:10 UTC =====
[91m[1mError: [0m{
  "name": "UnknownError",
  "data": {
    "message": "Unexpected server error. Check server logs for details.",
    "ref": "err_43fe69eb"
  }
}
===== ANALYST longcat 2026-09-29 02:09:34 UTC =====
[91m[1mError: [0m{
  "name": "UnknownError",
  "data": {
    "message": "Unexpected server error. Check server logs for details.",
    "ref": "err_cb22a63e"
  }
}
===== ANALYST longcat 2026-09-29 08:11:30 UTC =====
[91m[1mError: [0m{
  "name": "UnknownError",
  "data": {
    "message": "Unexpected server error. Check server logs for details.",
    "ref": "err_ec797a84"
  }
}
===== ANALYST longcat 2026-09-29 14:55:11 UTC =====
[91m[1mError: [0m{
  "name": "UnknownError",
  "data": {
    "message": "Unexpected server error. Check server logs for details.",
    "ref": "err_0acccc98"
  }
}
===== ANALYST longcat 2026-09-29 19:46:53 UTC =====
[91m[1mError: [0m{
  "name": "UnknownError",
  "data": {
    "message": "Unexpected server error. Check server logs for details.",
    "ref": "err_bbf6397d"
  }
}
===== ANALYST longcat 2026-09-29 23:21:24 UTC =====
[91m[1mError: [0m{
  "name": "UnknownError",
  "data": {
    "message": "Unexpected server error. Check server logs for details.",
    "ref": "err_c7d14832"
  }
}
===== ANALYST longcat 2026-09-30 02:12:48 UTC =====
[91m[1mError: [0m{
  "name": "UnknownError",
  "data": {
    "message": "Unexpected server error. Check server logs for details.",
    "ref": "err_f6e1309a"
  }
}
===== ANALYST longcat 2026-09-30 08:40:11 UTC =====
[91m[1mError: [0m{
  "name": "UnknownError",
  "data": {
    "message": "Unexpected server error. Check server logs for details.",
    "ref": "err_6e460a49"
  }
}
===== ANALYST longcat 2026-09-30 15:26:59 UTC =====
[91m[1mError: [0m{
  "name": "UnknownError",
  "data": {
    "message": "Unexpected server error. Check server logs for details.",
    "ref": "err_e73556e0"
  }
}
===== ANALYST longcat 2026-09-30 20:06:35 UTC =====
[91m[1mError: [0m{
  "name": "UnknownError",
  "data": {
    "message": "Unexpected server error. Check server logs for details.",
    "ref": "err_5984b89f"
  }
}
===== ANALYST longcat 2026-10-01 00:10:27 UTC =====
[91m[1mError: [0m{
  "name": "UnknownError",
  "data": {
    "message": "Unexpected server error. Check server logs for details.",
    "ref": "err_5f6e5a02"
  }
}
===== ANALYST longcat 2026-10-01 03:15:42 UTC =====
[91m[1mError: [0m{
  "name": "UnknownError",
  "data": {
    "message": "Unexpected server error. Check server logs for details.",
    "ref": "err_edb7042a"
  }
}
===== ANALYST longcat 2026-10-01 10:15:19 UTC =====
[91m[1mError: [0m{
  "name": "UnknownError",
  "data": {
    "message": "Unexpected server error. Check server logs for details.",
    "ref": "err_66a2335f"
  }
}
===== ANALYST longcat 2026-10-01 17:05:18 UTC =====
[91m[1mError: [0m{
  "name": "UnknownError",
  "data": {
    "message": "Unexpected server error. Check server logs for details.",
    "ref": "err_1d592568"
  }
}
===== ANALYST longcat 2026-10-01 21:52:16 UTC =====
[91m[1mError: [0m{
  "name": "UnknownError",
  "data": {
    "message": "Unexpected server error. Check server logs for details.",
    "ref": "err_717b7385"
  }
}
===== ANALYST longcat 2026-10-02 01:14:24 UTC =====
[91m[1mError: [0m{
  "name": "UnknownError",
  "data": {
    "message": "Unexpected server error. Check server logs for details.",
    "ref": "err_a324b7e2"
  }
}
===== ANALYST longcat 2026-10-02 07:04:25 UTC =====
[91m[1mError: [0m{
  "name": "UnknownError",
  "data": {
    "message": "Unexpected server error. Check server logs for details.",
    "ref": "err_f97794c5"
  }
}
===== ANALYST longcat 2026-10-02 13:58:07 UTC =====
[91m[1mError: [0m{
  "name": "UnknownError",
  "data": {
    "message": "Unexpected server error. Check server logs for details.",
    "ref": "err_9f83ffcc"
  }
}
===== ANALYST longcat 2026-10-02 18:55:28 UTC =====
[91m[1mError: [0m{
  "name": "UnknownError",
  "data": {
    "message": "Unexpected server error. Check server logs for details.",
    "ref": "err_67943c8e"
  }
}
===== ANALYST longcat 2026-10-02 22:45:45 UTC =====
[91m[1mError: [0m{
  "name": "UnknownError",
  "data": {
    "message": "Unexpected server error. Check server logs for details.",
    "ref": "err_fc75d543"
  }
}
===== ANALYST longcat 2026-10-03 01:37:23 UTC =====
[91m[1mError: [0m{
  "name": "UnknownError",
  "data": {
    "message": "Unexpected server error. Check server logs for details.",
    "ref": "err_0d745d77"
  }
}
===== ANALYST longcat 2026-10-03 07:07:38 UTC =====
[91m[1mError: [0m{
  "name": "UnknownError",
  "data": {
    "message": "Unexpected server error. Check server logs for details.",
    "ref": "err_a053e203"
  }
}
===== ANALYST longcat 2026-10-03 12:45:01 UTC =====
[91m[1mError: [0m{
  "name": "UnknownError",
  "data": {
    "message": "Unexpected server error. Check server logs for details.",
    "ref": "err_ef1b7713"
  }
}
===== ANALYST longcat 2026-10-03 16:45:48 UTC =====
[91m[1mError: [0m{
  "name": "UnknownError",
  "data": {
    "message": "Unexpected server error. Check server logs for details.",
    "ref": "err_f1748a52"
  }
}
===== ANALYST longcat 2026-10-03 19:45:09 UTC =====
[91m[1mError: [0m{
  "name": "UnknownError",
  "data": {
    "message": "Unexpected server error. Check server logs for details.",
    "ref": "err_e544dbb1"
  }
}
===== ANALYST longcat 2026-10-03 22:41:26 UTC =====
[91m[1mError: [0m{
  "name": "UnknownError",
  "data": {
    "message": "Unexpected server error. Check server logs for details.",
    "ref": "err_90f8394d"
  }
}
===== ANALYST longcat 2026-10-04 02:01:05 UTC =====
[91m[1mError: [0m{
  "name": "UnknownError",
  "data": {
    "message": "Unexpected server error. Check server logs for details.",
    "ref": "err_dc7e8b0f"
  }
}
===== ANALYST longcat 2026-10-04 07:51:03 UTC =====
[91m[1mError: [0m{
  "name": "UnknownError",
  "data": {
    "message": "Unexpected server error. Check server logs for details.",
    "ref": "err_a69a57e0"
  }
}
===== ANALYST longcat 2026-10-04 13:41:19 UTC =====
[91m[1mError: [0m{
  "name": "UnknownError",
  "data": {
    "message": "Unexpected server error. Check server logs for details.",
    "ref": "err_8af65dbf"
  }
}
===== ANALYST longcat 2026-10-04 17:55:21 UTC =====
[91m[1mError: [0m{
  "name": "UnknownError",
  "data": {
    "message": "Unexpected server error. Check server logs for details.",
    "ref": "err_b37ae0f9"
  }
}
===== ANALYST longcat 2026-10-04 20:48:30 UTC =====
[91m[1mError: [0m{
  "name": "UnknownError",
  "data": {
    "message": "Unexpected server error. Check server logs for details.",
    "ref": "err_b8686f14"
  }
}
===== ANALYST longcat 2026-10-04 23:41:44 UTC =====
[91m[1mError: [0m{
  "name": "UnknownError",
  "data": {
    "message": "Unexpected server error. Check server logs for details.",
    "ref": "err_ece2714e"
  }
}
===== ANALYST longcat 2026-10-05 02:26:56 UTC =====
[91m[1mError: [0m{
  "name": "UnknownError",
  "data": {
    "message": "Unexpected server error. Check server logs for details.",
    "ref": "err_7dc5eb15"
  }
}
===== ANALYST longcat 2026-10-05 09:39:02 UTC =====
[91m[1mError: [0m{
  "name": "UnknownError",
  "data": {
    "message": "Unexpected server error. Check server logs for details.",
    "ref": "err_82fb72f6"
  }
}
===== ANALYST longcat 2026-10-05 18:51:36 UTC =====
[91m[1mError: [0m{
  "name": "UnknownError",
  "data": {
    "message": "Unexpected server error. Check server logs for details.",
    "ref": "err_24423acf"
  }
}
===== ANALYST longcat 2026-10-06 00:34:49 UTC =====
[91m[1mError: [0m{
  "name": "UnknownError",
  "data": {
    "message": "Unexpected server error. Check server logs for details.",
    "ref": "err_831a2a66"
  }
}
===== ANALYST longcat 2026-10-06 07:03:37 UTC =====
[91m[1mError: [0m{
  "name": "UnknownError",
  "data": {
    "message": "Unexpected server error. Check server logs for details.",
    "ref": "err_7053258e"
  }
}
===== ANALYST longcat 2026-10-06 13:54:11 UTC =====
[91m[1mError: [0m{
  "name": "UnknownError",
  "data": {
    "message": "Unexpected server error. Check server logs for details.",
    "ref": "err_d472854e"
  }
}
===== ANALYST longcat 2026-10-06 19:34:39 UTC =====
[91m[1mError: [0m{
  "name": "UnknownError",
  "data": {
    "message": "Unexpected server error. Check server logs for details.",
    "ref": "err_98b65ecc"
  }
}
===== ANALYST longcat 2026-10-06 23:23:50 UTC =====
[91m[1mError: [0m{
  "name": "UnknownError",
  "data": {
    "message": "Unexpected server error. Check server logs for details.",
    "ref": "err_fdad74ed"
  }
}
===== ANALYST longcat 2026-10-07 02:28:26 UTC =====
[91m[1mError: [0m{
  "name": "UnknownError",
  "data": {
    "message": "Unexpected server error. Check server logs for details.",
    "ref": "err_3f1592b7"
  }
}
===== ANALYST longcat 2026-10-07 09:31:47 UTC =====
[91m[1mError: [0m{
  "name": "UnknownError",
  "data": {
    "message": "Unexpected server error. Check server logs for details.",
    "ref": "err_6df2f65b"
  }
}
===== ANALYST longcat 2026-10-07 16:34:03 UTC =====
[91m[1mError: [0m{
  "name": "UnknownError",
  "data": {
    "message": "Unexpected server error. Check server logs for details.",
    "ref": "err_acce0318"
  }
}
===== ANALYST longcat 2026-10-07 21:41:18 UTC =====
[91m[1mError: [0m{
  "name": "UnknownError",
  "data": {
    "message": "Unexpected server error. Check server logs for details.",
    "ref": "err_7adf83dd"
  }
}
===== ANALYST longcat 2026-10-08 01:34:37 UTC =====
[91m[1mError: [0m{
  "name": "UnknownError",
  "data": {
    "message": "Unexpected server error. Check server logs for details.",
    "ref": "err_54781bde"
  }
}
===== ANALYST longcat 2026-10-08 07:47:43 UTC =====
[91m[1mError: [0m{
  "name": "UnknownError",
  "data": {
    "message": "Unexpected server error. Check server logs for details.",
    "ref": "err_bab446e0"
  }
}
===== ANALYST longcat 2026-10-08 15:13:05 UTC =====
[91m[1mError: [0m{
  "name": "UnknownError",
  "data": {
    "message": "Unexpected server error. Check server logs for details.",
    "ref": "err_3b5681d9"
  }
}
===== ANALYST longcat 2026-10-08 20:25:59 UTC =====
[91m[1mError: [0m{
  "name": "UnknownError",
  "data": {
    "message": "Unexpected server error. Check server logs for details.",
    "ref": "err_7cc9c71d"
  }
}
===== ANALYST longcat 2026-10-09 00:38:59 UTC =====
[91m[1mError: [0m{
  "name": "UnknownError",
  "data": {
    "message": "Unexpected server error. Check server logs for details.",
    "ref": "err_605a66f4"
  }
}
===== ANALYST longcat 2026-10-09 06:44:16 UTC =====
[91m[1mError: [0m{
  "name": "UnknownError",
  "data": {
    "message": "Unexpected server error. Check server logs for details.",
    "ref": "err_58282746"
  }
}
===== ANALYST longcat 2026-10-09 13:49:44 UTC =====
[91m[1mError: [0m{
  "name": "UnknownError",
  "data": {
    "message": "Unexpected server error. Check server logs for details.",
    "ref": "err_84cba228"
  }
}
===== ANALYST longcat 2026-10-09 19:11:42 UTC =====
[91m[1mError: [0m{
  "name": "UnknownError",
  "data": {
    "message": "Unexpected server error. Check server logs for details.",
    "ref": "err_0862af44"
  }
}
===== ANALYST longcat 2026-10-09 23:23:32 UTC =====
[91m[1mError: [0m{
  "name": "UnknownError",
  "data": {
    "message": "Unexpected server error. Check server logs for details.",
    "ref": "err_19d1f6ed"
  }
}
===== ANALYST longcat 2026-10-10 02:30:16 UTC =====
[91m[1mError: [0m{
  "name": "UnknownError",
  "data": {
    "message": "Unexpected server error. Check server logs for details.",
    "ref": "err_63a9f3ab"
  }
}
===== ANALYST longcat 2026-10-10 08:59:56 UTC =====
[91m[1mError: [0m{
  "name": "UnknownError",
  "data": {
    "message": "Unexpected server error. Check server logs for details.",
    "ref": "err_7d260afe"
  }
}
===== ANALYST longcat 2026-10-10 14:58:37 UTC =====
[91m[1mError: [0m{
  "name": "UnknownError",
  "data": {
    "message": "Unexpected server error. Check server logs for details.",
    "ref": "err_6651ad03"
  }
}
