===== ANALYST laguna 2026-09-03 15:38:51 UTC =====
[91m[1mError: [0m{
  "name": "UnknownError",
  "data": {
    "message": "Unexpected server error. Check server logs for details.",
    "ref": "err_9419b181"
  }
}
===== ANALYST laguna 2026-09-03 19:05:04 UTC =====
[91m[1mError: [0m{
  "name": "UnknownError",
  "data": {
    "message": "Unexpected server error. Check server logs for details.",
    "ref": "err_df323570"
  }
}
===== ANALYST laguna 2026-09-03 21:36:55 UTC =====
[91m[1mError: [0m{
  "name": "UnknownError",
  "data": {
    "message": "Unexpected server error. Check server logs for details.",
    "ref": "err_6dafedbb"
  }
}
===== ANALYST laguna 2026-09-03 23:32:47 UTC =====
[91m[1mError: [0m{
  "name": "UnknownError",
  "data": {
    "message": "Unexpected server error. Check server logs for details.",
    "ref": "err_c464e881"
  }
}
===== ANALYST laguna 2026-09-04 01:28:34 UTC =====
[91m[1mError: [0m{
  "name": "UnknownError",
  "data": {
    "message": "Unexpected server error. Check server logs for details.",
    "ref": "err_edcc7301"
  }
}
===== ANALYST laguna 2026-09-04 06:15:30 UTC =====
[91m[1mError: [0m{
  "name": "UnknownError",
  "data": {
    "message": "Unexpected server error. Check server logs for details.",
    "ref": "err_8413cc53"
  }
}
===== ANALYST laguna 2026-09-04 11:01:16 UTC =====
[91m[1mError: [0m{
  "name": "UnknownError",
  "data": {
    "message": "Unexpected server error. Check server logs for details.",
    "ref": "err_119b7cb1"
  }
}
===== ANALYST laguna 2026-09-04 14:54:49 UTC =====
[91m[1mError: [0m{
  "name": "UnknownError",
  "data": {
    "message": "Unexpected server error. Check server logs for details.",
    "ref": "err_230e0610"
  }
}
===== ANALYST laguna 2026-09-04 17:59:53 UTC =====
[91m[1mError: [0m{
  "name": "UnknownError",
  "data": {
    "message": "Unexpected server error. Check server logs for details.",
    "ref": "err_0cd3eafa"
  }
}
===== ANALYST laguna 2026-09-04 20:19:13 UTC =====
[91m[1mError: [0m{
  "name": "UnknownError",
  "data": {
    "message": "Unexpected server error. Check server logs for details.",
    "ref": "err_315c2828"
  }
}
===== ANALYST laguna 2026-09-04 22:25:11 UTC =====
[91m[1mError: [0m{
  "name": "UnknownError",
  "data": {
    "message": "Unexpected server error. Check server logs for details.",
    "ref": "err_6e530880"
  }
}
===== ANALYST laguna 2026-09-05 00:27:41 UTC =====
[91m[1mError: [0m{
  "name": "UnknownError",
  "data": {
    "message": "Unexpected server error. Check server logs for details.",
    "ref": "err_493def20"
  }
}
===== ANALYST laguna 2026-09-05 04:59:19 UTC =====
[91m[1mError: [0m{
  "name": "UnknownError",
  "data": {
    "message": "Unexpected server error. Check server logs for details.",
    "ref": "err_09e9dc7c"
  }
}
===== ANALYST laguna 2026-09-05 08:47:56 UTC =====
[91m[1mError: [0m{
  "name": "UnknownError",
  "data": {
    "message": "Unexpected server error. Check server logs for details.",
    "ref": "err_86b3e622"
  }
}
===== ANALYST laguna 2026-09-05 12:19:18 UTC =====
[91m[1mError: [0m{
  "name": "UnknownError",
  "data": {
    "message": "Unexpected server error. Check server logs for details.",
    "ref": "err_135b5a8c"
  }
}
===== ANALYST laguna 2026-09-05 15:27:21 UTC =====
[91m[1mError: [0m{
  "name": "UnknownError",
  "data": {
    "message": "Unexpected server error. Check server logs for details.",
    "ref": "err_efa2284f"
  }
}
===== ANALYST laguna 2026-09-05 17:35:38 UTC =====
[91m[1mError: [0m{
  "name": "UnknownError",
  "data": {
    "message": "Unexpected server error. Check server logs for details.",
    "ref": "err_fa0489ff"
  }
}
===== ANALYST laguna 2026-09-05 19:27:48 UTC =====
[91m[1mError: [0m{
  "name": "UnknownError",
  "data": {
    "message": "Unexpected server error. Check server logs for details.",
    "ref": "err_e7b53aec"
  }
}
===== ANALYST laguna 2026-09-05 21:49:10 UTC =====
[91m[1mError: [0m{
  "name": "UnknownError",
  "data": {
    "message": "Unexpected server error. Check server logs for details.",
    "ref": "err_48976071"
  }
}
===== ANALYST laguna 2026-09-05 23:22:10 UTC =====
[91m[1mError: [0m{
  "name": "UnknownError",
  "data": {
    "message": "Unexpected server error. Check server logs for details.",
    "ref": "err_f6f46019"
  }
}
===== ANALYST laguna 2026-09-06 01:06:23 UTC =====
[91m[1mError: [0m{
  "name": "UnknownError",
  "data": {
    "message": "Unexpected server error. Check server logs for details.",
    "ref": "err_843a5758"
  }
}
===== ANALYST laguna 2026-09-06 06:02:58 UTC =====
[91m[1mError: [0m{
  "name": "UnknownError",
  "data": {
    "message": "Unexpected server error. Check server logs for details.",
    "ref": "err_a98e7ee9"
  }
}
===== ANALYST laguna 2026-09-06 10:45:38 UTC =====
[91m[1mError: [0m{
  "name": "UnknownError",
  "data": {
    "message": "Unexpected server error. Check server logs for details.",
    "ref": "err_4aed3b89"
  }
}
===== ANALYST laguna 2026-09-06 13:52:16 UTC =====
[91m[1mError: [0m{
  "name": "UnknownError",
  "data": {
    "message": "Unexpected server error. Check server logs for details.",
    "ref": "err_1251757b"
  }
}
===== ANALYST laguna 2026-09-06 16:40:04 UTC =====
[91m[1mError: [0m{
  "name": "UnknownError",
  "data": {
    "message": "Unexpected server error. Check server logs for details.",
    "ref": "err_350d52bc"
  }
}
===== ANALYST laguna 2026-09-06 18:43:42 UTC =====
[91m[1mError: [0m{
  "name": "UnknownError",
  "data": {
    "message": "Unexpected server error. Check server logs for details.",
    "ref": "err_28722c1f"
  }
}
===== ANALYST laguna 2026-09-06 20:50:13 UTC =====
[91m[1mError: [0m{
  "name": "UnknownError",
  "data": {
    "message": "Unexpected server error. Check server logs for details.",
    "ref": "err_6b5644a1"
  }
}
===== ANALYST laguna 2026-09-06 22:37:49 UTC =====
[91m[1mError: [0m{
  "name": "UnknownError",
  "data": {
    "message": "Unexpected server error. Check server logs for details.",
    "ref": "err_83548d83"
  }
}
===== ANALYST laguna 2026-09-07 00:25:59 UTC =====
[91m[1mError: [0m{
  "name": "UnknownError",
  "data": {
    "message": "Unexpected server error. Check server logs for details.",
    "ref": "err_d8fd2bbd"
  }
}
===== ANALYST laguna 2026-09-07 04:55:52 UTC =====
[91m[1mError: [0m{
  "name": "UnknownError",
  "data": {
    "message": "Unexpected server error. Check server logs for details.",
    "ref": "err_55cf507f"
  }
}
===== ANALYST laguna 2026-09-07 09:54:45 UTC =====
[91m[1mError: [0m{
  "name": "UnknownError",
  "data": {
    "message": "Unexpected server error. Check server logs for details.",
    "ref": "err_3ec06c59"
  }
}
===== ANALYST laguna 2026-09-07 15:41:47 UTC =====
[91m[1mError: [0m{
  "name": "UnknownError",
  "data": {
    "message": "Unexpected server error. Check server logs for details.",
    "ref": "err_0dffcdc7"
  }
}
===== ANALYST laguna 2026-09-07 19:42:23 UTC =====
[91m[1mError: [0m{
  "name": "UnknownError",
  "data": {
    "message": "Unexpected server error. Check server logs for details.",
    "ref": "err_e8dbd208"
  }
}
===== ANALYST laguna 2026-09-07 22:22:49 UTC =====
[91m[1mError: [0m{
  "name": "UnknownError",
  "data": {
    "message": "Unexpected server error. Check server logs for details.",
    "ref": "err_ff937a46"
  }
}
===== ANALYST laguna 2026-09-08 00:38:24 UTC =====
[91m[1mError: [0m{
  "name": "UnknownError",
  "data": {
    "message": "Unexpected server error. Check server logs for details.",
    "ref": "err_f6941f1c"
  }
}
===== ANALYST laguna 2026-09-08 05:12:26 UTC =====
[91m[1mError: [0m{
  "name": "UnknownError",
  "data": {
    "message": "Unexpected server error. Check server logs for details.",
    "ref": "err_3094848b"
  }
}
===== ANALYST laguna 2026-09-08 09:47:18 UTC =====
[91m[1mError: [0m{
  "name": "UnknownError",
  "data": {
    "message": "Unexpected server error. Check server logs for details.",
    "ref": "err_2835acfd"
  }
}
===== ANALYST laguna 2026-09-08 14:20:23 UTC =====
[91m[1mError: [0m{
  "name": "UnknownError",
  "data": {
    "message": "Unexpected server error. Check server logs for details.",
    "ref": "err_1fad3928"
  }
}
===== ANALYST laguna 2026-09-08 18:10:29 UTC =====
[91m[1mError: [0m{
  "name": "UnknownError",
  "data": {
    "message": "Unexpected server error. Check server logs for details.",
    "ref": "err_8c740d76"
  }
}
===== ANALYST laguna 2026-09-08 20:35:57 UTC =====
[91m[1mError: [0m{
  "name": "UnknownError",
  "data": {
    "message": "Unexpected server error. Check server logs for details.",
    "ref": "err_f1717ba4"
  }
}
===== ANALYST laguna 2026-09-08 22:59:26 UTC =====
[91m[1mError: [0m{
  "name": "UnknownError",
  "data": {
    "message": "Unexpected server error. Check server logs for details.",
    "ref": "err_4f1da845"
  }
}
===== ANALYST laguna 2026-09-09 01:16:30 UTC =====
[91m[1mError: [0m{
  "name": "UnknownError",
  "data": {
    "message": "Unexpected server error. Check server logs for details.",
    "ref": "err_3b7853d5"
  }
}
===== ANALYST laguna 2026-09-09 05:56:28 UTC =====
[91m[1mError: [0m{
  "name": "UnknownError",
  "data": {
    "message": "Unexpected server error. Check server logs for details.",
    "ref": "err_cde7f036"
  }
}
===== ANALYST laguna 2026-09-09 10:46:31 UTC =====
[91m[1mError: [0m{
  "name": "UnknownError",
  "data": {
    "message": "Unexpected server error. Check server logs for details.",
    "ref": "err_6cb6d9dd"
  }
}
===== ANALYST laguna 2026-09-09 14:50:14 UTC =====
[91m[1mError: [0m{
  "name": "UnknownError",
  "data": {
    "message": "Unexpected server error. Check server logs for details.",
    "ref": "err_b3b424a9"
  }
}
===== ANALYST laguna 2026-09-09 18:15:41 UTC =====
[91m[1mError: [0m{
  "name": "UnknownError",
  "data": {
    "message": "Unexpected server error. Check server logs for details.",
    "ref": "err_5d7d7b4f"
  }
}
===== ANALYST laguna 2026-09-09 21:01:57 UTC =====
[91m[1mError: [0m{
  "name": "UnknownError",
  "data": {
    "message": "Unexpected server error. Check server logs for details.",
    "ref": "err_fb8bb43b"
  }
}
===== ANALYST laguna 2026-09-09 23:14:42 UTC =====
[91m[1mError: [0m{
  "name": "UnknownError",
  "data": {
    "message": "Unexpected server error. Check server logs for details.",
    "ref": "err_3e19b325"
  }
}
===== ANALYST laguna 2026-09-10 00:50:33 UTC =====
[91m[1mError: [0m{
  "name": "UnknownError",
  "data": {
    "message": "Unexpected server error. Check server logs for details.",
    "ref": "err_efb66686"
  }
}
===== ANALYST laguna 2026-09-10 05:31:54 UTC =====
[91m[1mError: [0m{
  "name": "UnknownError",
  "data": {
    "message": "Unexpected server error. Check server logs for details.",
    "ref": "err_06bbc032"
  }
}
===== ANALYST laguna 2026-09-10 10:12:59 UTC =====
[91m[1mError: [0m{
  "name": "UnknownError",
  "data": {
    "message": "Unexpected server error. Check server logs for details.",
    "ref": "err_7afb62ec"
  }
}
===== ANALYST laguna 2026-09-10 14:36:44 UTC =====
[91m[1mError: [0m{
  "name": "UnknownError",
  "data": {
    "message": "Unexpected server error. Check server logs for details.",
    "ref": "err_43d7b9c7"
  }
}
===== ANALYST laguna 2026-09-10 17:57:53 UTC =====
[91m[1mError: [0m{
  "name": "UnknownError",
  "data": {
    "message": "Unexpected server error. Check server logs for details.",
    "ref": "err_0ce56b9e"
  }
}
===== ANALYST laguna 2026-09-10 20:20:47 UTC =====
[91m[1mError: [0m{
  "name": "UnknownError",
  "data": {
    "message": "Unexpected server error. Check server logs for details.",
    "ref": "err_e9e82748"
  }
}
===== ANALYST laguna 2026-09-10 22:39:12 UTC =====
[91m[1mError: [0m{
  "name": "UnknownError",
  "data": {
    "message": "Unexpected server error. Check server logs for details.",
    "ref": "err_147fff95"
  }
}
===== ANALYST laguna 2026-09-11 00:44:48 UTC =====
[91m[1mError: [0m{
  "name": "UnknownError",
  "data": {
    "message": "Unexpected server error. Check server logs for details.",
    "ref": "err_0c979c59"
  }
}
===== ANALYST laguna 2026-09-11 05:12:37 UTC =====
[91m[1mError: [0m{
  "name": "UnknownError",
  "data": {
    "message": "Unexpected server error. Check server logs for details.",
    "ref": "err_df5958da"
  }
}
===== ANALYST laguna 2026-09-11 09:52:37 UTC =====
[91m[1mError: [0m{
  "name": "UnknownError",
  "data": {
    "message": "Unexpected server error. Check server logs for details.",
    "ref": "err_0bf0d8b4"
  }
}
===== ANALYST laguna 2026-09-11 14:07:58 UTC =====
[91m[1mError: [0m{
  "name": "UnknownError",
  "data": {
    "message": "Unexpected server error. Check server logs for details.",
    "ref": "err_3264b868"
  }
}
===== ANALYST laguna 2026-09-11 17:49:10 UTC =====
[91m[1mError: [0m{
  "name": "UnknownError",
  "data": {
    "message": "Unexpected server error. Check server logs for details.",
    "ref": "err_5c17348e"
  }
}
===== ANALYST laguna 2026-09-11 20:07:33 UTC =====
[91m[1mError: [0m{
  "name": "UnknownError",
  "data": {
    "message": "Unexpected server error. Check server logs for details.",
    "ref": "err_35da44a3"
  }
}
===== ANALYST laguna 2026-09-11 22:27:32 UTC =====
[91m[1mError: [0m{
  "name": "UnknownError",
  "data": {
    "message": "Unexpected server error. Check server logs for details.",
    "ref": "err_621577e1"
  }
}
===== ANALYST laguna 2026-09-12 00:38:34 UTC =====
[91m[1mError: [0m{
  "name": "UnknownError",
  "data": {
    "message": "Unexpected server error. Check server logs for details.",
    "ref": "err_49ee0d76"
  }
}
===== ANALYST laguna 2026-09-12 05:01:08 UTC =====
[91m[1mError: [0m{
  "name": "UnknownError",
  "data": {
    "message": "Unexpected server error. Check server logs for details.",
    "ref": "err_7023f04a"
  }
}
===== ANALYST laguna 2026-09-12 09:04:28 UTC =====
[91m[1mError: [0m{
  "name": "UnknownError",
  "data": {
    "message": "Unexpected server error. Check server logs for details.",
    "ref": "err_9f82fd35"
  }
}
===== ANALYST laguna 2026-09-12 12:54:56 UTC =====
[91m[1mError: [0m{
  "name": "UnknownError",
  "data": {
    "message": "Unexpected server error. Check server logs for details.",
    "ref": "err_c68afd9f"
  }
}
===== ANALYST laguna 2026-09-12 16:07:18 UTC =====
[91m[1mError: [0m{
  "name": "UnknownError",
  "data": {
    "message": "Unexpected server error. Check server logs for details.",
    "ref": "err_99ab0f43"
  }
}
===== ANALYST laguna 2026-09-12 18:03:28 UTC =====
[91m[1mError: [0m{
  "name": "UnknownError",
  "data": {
    "message": "Unexpected server error. Check server logs for details.",
    "ref": "err_f8c30f0d"
  }
}
===== ANALYST laguna 2026-09-12 20:44:26 UTC =====
[91m[1mError: [0m{
  "name": "UnknownError",
  "data": {
    "message": "Unexpected server error. Check server logs for details.",
    "ref": "err_4e91fa99"
  }
}
===== ANALYST laguna 2026-09-12 22:33:52 UTC =====
[91m[1mError: [0m{
  "name": "UnknownError",
  "data": {
    "message": "Unexpected server error. Check server logs for details.",
    "ref": "err_67d49e07"
  }
}
===== ANALYST laguna 2026-09-13 00:17:32 UTC =====
[91m[1mError: [0m{
  "name": "UnknownError",
  "data": {
    "message": "Unexpected server error. Check server logs for details.",
    "ref": "err_64c7bb2a"
  }
}
===== ANALYST laguna 2026-09-13 05:09:17 UTC =====
[91m[1mError: [0m{
  "name": "UnknownError",
  "data": {
    "message": "Unexpected server error. Check server logs for details.",
    "ref": "err_94400d66"
  }
}
===== ANALYST laguna 2026-09-13 10:00:13 UTC =====
[91m[1mError: [0m{
  "name": "UnknownError",
  "data": {
    "message": "Unexpected server error. Check server logs for details.",
    "ref": "err_92eb3888"
  }
}
===== ANALYST laguna 2026-09-13 14:19:08 UTC =====
[91m[1mError: [0m{
  "name": "UnknownError",
  "data": {
    "message": "Unexpected server error. Check server logs for details.",
    "ref": "err_6f1f8439"
  }
}
===== ANALYST laguna 2026-09-13 17:22:56 UTC =====
[91m[1mError: [0m{
  "name": "UnknownError",
  "data": {
    "message": "Unexpected server error. Check server logs for details.",
    "ref": "err_a92758ed"
  }
}
===== ANALYST laguna 2026-09-13 19:38:42 UTC =====
[91m[1mError: [0m{
  "name": "UnknownError",
  "data": {
    "message": "Unexpected server error. Check server logs for details.",
    "ref": "err_ba597034"
  }
}
===== ANALYST laguna 2026-09-13 21:40:13 UTC =====
[91m[1mError: [0m{
  "name": "UnknownError",
  "data": {
    "message": "Unexpected server error. Check server logs for details.",
    "ref": "err_d22511a5"
  }
}
===== ANALYST laguna 2026-09-13 23:33:53 UTC =====
[91m[1mError: [0m{
  "name": "UnknownError",
  "data": {
    "message": "Unexpected server error. Check server logs for details.",
    "ref": "err_9ffc1a09"
  }
}
===== ANALYST laguna 2026-09-14 01:36:12 UTC =====
[91m[1mError: [0m{
  "name": "UnknownError",
  "data": {
    "message": "Unexpected server error. Check server logs for details.",
    "ref": "err_f75bb07e"
  }
}
===== ANALYST laguna 2026-09-14 07:06:06 UTC =====
[91m[1mError: [0m{
  "name": "UnknownError",
  "data": {
    "message": "Unexpected server error. Check server logs for details.",
    "ref": "err_198da81b"
  }
}
===== ANALYST laguna 2026-09-14 14:02:51 UTC =====
[91m[1mError: [0m{
  "name": "UnknownError",
  "data": {
    "message": "Unexpected server error. Check server logs for details.",
    "ref": "err_b78dc4bc"
  }
}
===== ANALYST laguna 2026-09-14 19:02:36 UTC =====
[91m[1mError: [0m{
  "name": "UnknownError",
  "data": {
    "message": "Unexpected server error. Check server logs for details.",
    "ref": "err_9ce6fb02"
  }
}
===== ANALYST laguna 2026-09-14 22:18:36 UTC =====
[91m[1mError: [0m{
  "name": "UnknownError",
  "data": {
    "message": "Unexpected server error. Check server logs for details.",
    "ref": "err_6e38c372"
  }
}
===== ANALYST laguna 2026-09-15 00:42:33 UTC =====
[91m[1mError: [0m{
  "name": "UnknownError",
  "data": {
    "message": "Unexpected server error. Check server logs for details.",
    "ref": "err_2fc14b7f"
  }
}
===== ANALYST laguna 2026-09-15 05:23:41 UTC =====
[91m[1mError: [0m{
  "name": "UnknownError",
  "data": {
    "message": "Unexpected server error. Check server logs for details.",
    "ref": "err_d1537ce5"
  }
}
===== ANALYST laguna 2026-09-15 10:28:06 UTC =====
[91m[1mError: [0m{
  "name": "UnknownError",
  "data": {
    "message": "Unexpected server error. Check server logs for details.",
    "ref": "err_7164d00b"
  }
}
===== ANALYST laguna 2026-09-15 15:35:16 UTC =====
[91m[1mError: [0m{
  "name": "UnknownError",
  "data": {
    "message": "Unexpected server error. Check server logs for details.",
    "ref": "err_9c309de5"
  }
}
===== ANALYST laguna 2026-09-15 19:07:04 UTC =====
[91m[1mError: [0m{
  "name": "UnknownError",
  "data": {
    "message": "Unexpected server error. Check server logs for details.",
    "ref": "err_276c15f1"
  }
}
===== ANALYST laguna 2026-09-15 22:20:26 UTC =====
[91m[1mError: [0m{
  "name": "UnknownError",
  "data": {
    "message": "Unexpected server error. Check server logs for details.",
    "ref": "err_9ceb3cdd"
  }
}
===== ANALYST laguna 2026-09-16 00:28:00 UTC =====
[91m[1mError: [0m{
  "name": "UnknownError",
  "data": {
    "message": "Unexpected server error. Check server logs for details.",
    "ref": "err_97bdf841"
  }
}
===== ANALYST laguna 2026-09-16 05:14:52 UTC =====
[91m[1mError: [0m{
  "name": "UnknownError",
  "data": {
    "message": "Unexpected server error. Check server logs for details.",
    "ref": "err_084c2b9b"
  }
}
===== ANALYST laguna 2026-09-16 10:07:26 UTC =====
[91m[1mError: [0m{
  "name": "UnknownError",
  "data": {
    "message": "Unexpected server error. Check server logs for details.",
    "ref": "err_535d2d86"
  }
}
===== ANALYST laguna 2026-09-16 14:44:03 UTC =====
[91m[1mError: [0m{
  "name": "UnknownError",
  "data": {
    "message": "Unexpected server error. Check server logs for details.",
    "ref": "err_4e5de838"
  }
}
===== ANALYST laguna 2026-09-16 18:54:01 UTC =====
[91m[1mError: [0m{
  "name": "UnknownError",
  "data": {
    "message": "Unexpected server error. Check server logs for details.",
    "ref": "err_ef3893cf"
  }
}
===== ANALYST laguna 2026-09-16 21:45:19 UTC =====
[91m[1mError: [0m{
  "name": "UnknownError",
  "data": {
    "message": "Unexpected server error. Check server logs for details.",
    "ref": "err_040833a9"
  }
}
===== ANALYST laguna 2026-09-16 23:51:54 UTC =====
[91m[1mError: [0m{
  "name": "UnknownError",
  "data": {
    "message": "Unexpected server error. Check server logs for details.",
    "ref": "err_3fee4b2a"
  }
}
===== ANALYST laguna 2026-09-17 02:37:15 UTC =====
[91m[1mError: [0m{
  "name": "UnknownError",
  "data": {
    "message": "Unexpected server error. Check server logs for details.",
    "ref": "err_0e2e48f5"
  }
}
===== ANALYST laguna 2026-09-17 07:59:25 UTC =====
[91m[1mError: [0m{
  "name": "UnknownError",
  "data": {
    "message": "Unexpected server error. Check server logs for details.",
    "ref": "err_e1774089"
  }
}
===== ANALYST laguna 2026-09-17 13:07:41 UTC =====
[91m[1mError: [0m{
  "name": "UnknownError",
  "data": {
    "message": "Unexpected server error. Check server logs for details.",
    "ref": "err_16c3e55e"
  }
}
===== ANALYST laguna 2026-09-17 17:42:27 UTC =====
[91m[1mError: [0m{
  "name": "UnknownError",
  "data": {
    "message": "Unexpected server error. Check server logs for details.",
    "ref": "err_c80ca24e"
  }
}
===== ANALYST laguna 2026-09-17 20:38:24 UTC =====
[91m[1mError: [0m{
  "name": "UnknownError",
  "data": {
    "message": "Unexpected server error. Check server logs for details.",
    "ref": "err_34a867a1"
  }
}
===== ANALYST laguna 2026-09-17 23:05:23 UTC =====
[91m[1mError: [0m{
  "name": "UnknownError",
  "data": {
    "message": "Unexpected server error. Check server logs for details.",
    "ref": "err_19f4fa9b"
  }
}
===== ANALYST laguna 2026-09-18 01:24:17 UTC =====
[91m[1mError: [0m{
  "name": "UnknownError",
  "data": {
    "message": "Unexpected server error. Check server logs for details.",
    "ref": "err_eb488c59"
  }
}
===== ANALYST laguna 2026-09-18 06:04:37 UTC =====
[91m[1mError: [0m{
  "name": "UnknownError",
  "data": {
    "message": "Unexpected server error. Check server logs for details.",
    "ref": "err_eab170c1"
  }
}
===== ANALYST laguna 2026-09-18 10:54:07 UTC =====
[91m[1mError: [0m{
  "name": "UnknownError",
  "data": {
    "message": "Unexpected server error. Check server logs for details.",
    "ref": "err_5b286c8f"
  }
}
===== ANALYST laguna 2026-09-18 14:44:53 UTC =====
[91m[1mError: [0m{
  "name": "UnknownError",
  "data": {
    "message": "Unexpected server error. Check server logs for details.",
    "ref": "err_e67e9526"
  }
}
===== ANALYST laguna 2026-09-18 18:04:45 UTC =====
[91m[1mError: [0m{
  "name": "UnknownError",
  "data": {
    "message": "Unexpected server error. Check server logs for details.",
    "ref": "err_3149f5c9"
  }
}
===== ANALYST laguna 2026-09-18 20:30:47 UTC =====
[91m[1mError: [0m{
  "name": "UnknownError",
  "data": {
    "message": "Unexpected server error. Check server logs for details.",
    "ref": "err_3413bd15"
  }
}
===== ANALYST laguna 2026-09-18 22:48:44 UTC =====
[91m[1mError: [0m{
  "name": "UnknownError",
  "data": {
    "message": "Unexpected server error. Check server logs for details.",
    "ref": "err_a4b45672"
  }
}
===== ANALYST laguna 2026-09-19 00:51:10 UTC =====
[91m[1mError: [0m{
  "name": "UnknownError",
  "data": {
    "message": "Unexpected server error. Check server logs for details.",
    "ref": "err_187e5cd8"
  }
}
===== ANALYST laguna 2026-09-19 05:21:17 UTC =====
[91m[1mError: [0m{
  "name": "UnknownError",
  "data": {
    "message": "Unexpected server error. Check server logs for details.",
    "ref": "err_6eb92e78"
  }
}
===== ANALYST laguna 2026-09-19 09:39:12 UTC =====
[91m[1mError: [0m{
  "name": "UnknownError",
  "data": {
    "message": "Unexpected server error. Check server logs for details.",
    "ref": "err_00a3e2b1"
  }
}
===== ANALYST laguna 2026-09-19 13:27:52 UTC =====
[91m[1mError: [0m{
  "name": "UnknownError",
  "data": {
    "message": "Unexpected server error. Check server logs for details.",
    "ref": "err_cc7ec321"
  }
}
===== ANALYST laguna 2026-09-19 16:51:18 UTC =====
[91m[1mError: [0m{
  "name": "UnknownError",
  "data": {
    "message": "Unexpected server error. Check server logs for details.",
    "ref": "err_8bc00a0a"
  }
}
===== ANALYST laguna 2026-09-19 19:09:47 UTC =====
[91m[1mError: [0m{
  "name": "UnknownError",
  "data": {
    "message": "Unexpected server error. Check server logs for details.",
    "ref": "err_14b4d6b1"
  }
}
===== ANALYST laguna 2026-09-19 21:29:44 UTC =====
[91m[1mError: [0m{
  "name": "UnknownError",
  "data": {
    "message": "Unexpected server error. Check server logs for details.",
    "ref": "err_e0df0b2c"
  }
}
===== ANALYST laguna 2026-09-19 23:30:26 UTC =====
[91m[1mError: [0m{
  "name": "UnknownError",
  "data": {
    "message": "Unexpected server error. Check server logs for details.",
    "ref": "err_e068daef"
  }
}
===== ANALYST laguna 2026-09-20 01:35:24 UTC =====
[91m[1mError: [0m{
  "name": "UnknownError",
  "data": {
    "message": "Unexpected server error. Check server logs for details.",
    "ref": "err_71da66b2"
  }
}
===== ANALYST laguna 2026-09-20 07:02:10 UTC =====
[91m[1mError: [0m{
  "name": "UnknownError",
  "data": {
    "message": "Unexpected server error. Check server logs for details.",
    "ref": "err_4f1bf514"
  }
}
===== ANALYST laguna 2026-09-20 11:58:17 UTC =====
[91m[1mError: [0m{
  "name": "UnknownError",
  "data": {
    "message": "Unexpected server error. Check server logs for details.",
    "ref": "err_854ec9a0"
  }
}
===== ANALYST laguna 2026-09-20 15:19:57 UTC =====
[91m[1mError: [0m{
  "name": "UnknownError",
  "data": {
    "message": "Unexpected server error. Check server logs for details.",
    "ref": "err_d47c7105"
  }
}
===== ANALYST laguna 2026-09-20 18:15:14 UTC =====
[91m[1mError: [0m{
  "name": "UnknownError",
  "data": {
    "message": "Unexpected server error. Check server logs for details.",
    "ref": "err_47eb1ff8"
  }
}
===== ANALYST laguna 2026-09-20 20:55:55 UTC =====
[91m[1mError: [0m{
  "name": "UnknownError",
  "data": {
    "message": "Unexpected server error. Check server logs for details.",
    "ref": "err_be1be6b0"
  }
}
===== ANALYST laguna 2026-09-20 22:49:26 UTC =====
[91m[1mError: [0m{
  "name": "UnknownError",
  "data": {
    "message": "Unexpected server error. Check server logs for details.",
    "ref": "err_129c9788"
  }
}
===== ANALYST laguna 2026-09-21 00:44:28 UTC =====
[91m[1mError: [0m{
  "name": "UnknownError",
  "data": {
    "message": "Unexpected server error. Check server logs for details.",
    "ref": "err_c0decc94"
  }
}
===== ANALYST laguna 2026-09-21 05:43:49 UTC =====
[91m[1mError: [0m{
  "name": "UnknownError",
  "data": {
    "message": "Unexpected server error. Check server logs for details.",
    "ref": "err_7a4ae612"
  }
}
===== ANALYST laguna 2026-09-21 11:33:12 UTC =====
[91m[1mError: [0m{
  "name": "UnknownError",
  "data": {
    "message": "Unexpected server error. Check server logs for details.",
    "ref": "err_068457e4"
  }
}
===== ANALYST laguna 2026-09-21 17:13:26 UTC =====
[91m[1mError: [0m{
  "name": "UnknownError",
  "data": {
    "message": "Unexpected server error. Check server logs for details.",
    "ref": "err_c805f07a"
  }
}
