===== ANALYST ling3 2026-09-03 15:38:51 UTC =====
[91m[1mError: [0m{
  "name": "UnknownError",
  "data": {
    "message": "Unexpected server error. Check server logs for details.",
    "ref": "err_d91c6ac8"
  }
}
===== ANALYST ling3 2026-09-03 19:05:04 UTC =====
[91m[1mError: [0m{
  "name": "UnknownError",
  "data": {
    "message": "Unexpected server error. Check server logs for details.",
    "ref": "err_5e782ec3"
  }
}
===== ANALYST ling3 2026-09-03 21:36:55 UTC =====
[91m[1mError: [0m{
  "name": "UnknownError",
  "data": {
    "message": "Unexpected server error. Check server logs for details.",
    "ref": "err_c1a0110c"
  }
}
===== ANALYST ling3 2026-09-03 23:32:47 UTC =====
[91m[1mError: [0m{
  "name": "UnknownError",
  "data": {
    "message": "Unexpected server error. Check server logs for details.",
    "ref": "err_aa4fc155"
  }
}
===== ANALYST ling3 2026-09-04 01:28:34 UTC =====
[91m[1mError: [0m{
  "name": "UnknownError",
  "data": {
    "message": "Unexpected server error. Check server logs for details.",
    "ref": "err_2bcf99bb"
  }
}
===== ANALYST ling3 2026-09-04 06:15:30 UTC =====
[91m[1mError: [0m{
  "name": "UnknownError",
  "data": {
    "message": "Unexpected server error. Check server logs for details.",
    "ref": "err_8e04865f"
  }
}
===== ANALYST ling3 2026-09-04 11:01:16 UTC =====
[91m[1mError: [0m{
  "name": "UnknownError",
  "data": {
    "message": "Unexpected server error. Check server logs for details.",
    "ref": "err_f4d07066"
  }
}
===== ANALYST ling3 2026-09-04 14:54:49 UTC =====
[91m[1mError: [0m{
  "name": "UnknownError",
  "data": {
    "message": "Unexpected server error. Check server logs for details.",
    "ref": "err_0f83480a"
  }
}
===== ANALYST ling3 2026-09-04 17:59:53 UTC =====
[91m[1mError: [0m{
  "name": "UnknownError",
  "data": {
    "message": "Unexpected server error. Check server logs for details.",
    "ref": "err_93d2b101"
  }
}
===== ANALYST ling3 2026-09-04 20:19:13 UTC =====
[91m[1mError: [0m{
  "name": "UnknownError",
  "data": {
    "message": "Unexpected server error. Check server logs for details.",
    "ref": "err_0bd70528"
  }
}
===== ANALYST ling3 2026-09-04 22:25:11 UTC =====
[91m[1mError: [0m{
  "name": "UnknownError",
  "data": {
    "message": "Unexpected server error. Check server logs for details.",
    "ref": "err_e2cd5a43"
  }
}
===== ANALYST ling3 2026-09-05 00:27:41 UTC =====
[91m[1mError: [0m{
  "name": "UnknownError",
  "data": {
    "message": "Unexpected server error. Check server logs for details.",
    "ref": "err_3a836c2c"
  }
}
===== ANALYST ling3 2026-09-05 04:59:19 UTC =====
[91m[1mError: [0m{
  "name": "UnknownError",
  "data": {
    "message": "Unexpected server error. Check server logs for details.",
    "ref": "err_4c93b659"
  }
}
===== ANALYST ling3 2026-09-05 08:47:56 UTC =====
[91m[1mError: [0m{
  "name": "UnknownError",
  "data": {
    "message": "Unexpected server error. Check server logs for details.",
    "ref": "err_36b5c634"
  }
}
===== ANALYST ling3 2026-09-05 12:19:18 UTC =====
[91m[1mError: [0m{
  "name": "UnknownError",
  "data": {
    "message": "Unexpected server error. Check server logs for details.",
    "ref": "err_bce332b5"
  }
}
===== ANALYST ling3 2026-09-05 15:27:21 UTC =====
[91m[1mError: [0m{
  "name": "UnknownError",
  "data": {
    "message": "Unexpected server error. Check server logs for details.",
    "ref": "err_79828cef"
  }
}
===== ANALYST ling3 2026-09-05 17:35:38 UTC =====
[91m[1mError: [0m{
  "name": "UnknownError",
  "data": {
    "message": "Unexpected server error. Check server logs for details.",
    "ref": "err_d821981b"
  }
}
===== ANALYST ling3 2026-09-05 19:27:48 UTC =====
[91m[1mError: [0m{
  "name": "UnknownError",
  "data": {
    "message": "Unexpected server error. Check server logs for details.",
    "ref": "err_6551127a"
  }
}
===== ANALYST ling3 2026-09-05 21:49:10 UTC =====
[91m[1mError: [0m{
  "name": "UnknownError",
  "data": {
    "message": "Unexpected server error. Check server logs for details.",
    "ref": "err_c1cb05f9"
  }
}
===== ANALYST ling3 2026-09-05 23:22:10 UTC =====
[91m[1mError: [0m{
  "name": "UnknownError",
  "data": {
    "message": "Unexpected server error. Check server logs for details.",
    "ref": "err_f650a4b0"
  }
}
===== ANALYST ling3 2026-09-06 01:06:23 UTC =====
[91m[1mError: [0m{
  "name": "UnknownError",
  "data": {
    "message": "Unexpected server error. Check server logs for details.",
    "ref": "err_c3aed47e"
  }
}
===== ANALYST ling3 2026-09-06 06:02:58 UTC =====
[91m[1mError: [0m{
  "name": "UnknownError",
  "data": {
    "message": "Unexpected server error. Check server logs for details.",
    "ref": "err_b4570d0c"
  }
}
===== ANALYST ling3 2026-09-06 10:45:38 UTC =====
[91m[1mError: [0m{
  "name": "UnknownError",
  "data": {
    "message": "Unexpected server error. Check server logs for details.",
    "ref": "err_c49d220c"
  }
}
===== ANALYST ling3 2026-09-06 13:52:16 UTC =====
[91m[1mError: [0m{
  "name": "UnknownError",
  "data": {
    "message": "Unexpected server error. Check server logs for details.",
    "ref": "err_8c6eacdb"
  }
}
===== ANALYST ling3 2026-09-06 16:40:04 UTC =====
[91m[1mError: [0m{
  "name": "UnknownError",
  "data": {
    "message": "Unexpected server error. Check server logs for details.",
    "ref": "err_b3567883"
  }
}
===== ANALYST ling3 2026-09-06 18:43:42 UTC =====
[91m[1mError: [0m{
  "name": "UnknownError",
  "data": {
    "message": "Unexpected server error. Check server logs for details.",
    "ref": "err_ee1db0f3"
  }
}
===== ANALYST ling3 2026-09-06 20:50:13 UTC =====
[91m[1mError: [0m{
  "name": "UnknownError",
  "data": {
    "message": "Unexpected server error. Check server logs for details.",
    "ref": "err_459fa0fd"
  }
}
===== ANALYST ling3 2026-09-06 22:37:49 UTC =====
[91m[1mError: [0m{
  "name": "UnknownError",
  "data": {
    "message": "Unexpected server error. Check server logs for details.",
    "ref": "err_12362afe"
  }
}
===== ANALYST ling3 2026-09-07 00:25:59 UTC =====
[91m[1mError: [0m{
  "name": "UnknownError",
  "data": {
    "message": "Unexpected server error. Check server logs for details.",
    "ref": "err_ee782662"
  }
}
===== ANALYST ling3 2026-09-07 04:55:52 UTC =====
[91m[1mError: [0m{
  "name": "UnknownError",
  "data": {
    "message": "Unexpected server error. Check server logs for details.",
    "ref": "err_cfc041e4"
  }
}
===== ANALYST ling3 2026-09-07 09:54:45 UTC =====
[91m[1mError: [0m{
  "name": "UnknownError",
  "data": {
    "message": "Unexpected server error. Check server logs for details.",
    "ref": "err_c553045e"
  }
}
===== ANALYST ling3 2026-09-07 15:41:47 UTC =====
[91m[1mError: [0m{
  "name": "UnknownError",
  "data": {
    "message": "Unexpected server error. Check server logs for details.",
    "ref": "err_38815e7b"
  }
}
===== ANALYST ling3 2026-09-07 19:42:23 UTC =====
[91m[1mError: [0m{
  "name": "UnknownError",
  "data": {
    "message": "Unexpected server error. Check server logs for details.",
    "ref": "err_d3bd39ef"
  }
}
===== ANALYST ling3 2026-09-07 22:22:49 UTC =====
[91m[1mError: [0m{
  "name": "UnknownError",
  "data": {
    "message": "Unexpected server error. Check server logs for details.",
    "ref": "err_2c86fcdd"
  }
}
===== ANALYST ling3 2026-09-08 00:38:24 UTC =====
[91m[1mError: [0m{
  "name": "UnknownError",
  "data": {
    "message": "Unexpected server error. Check server logs for details.",
    "ref": "err_814eb239"
  }
}
===== ANALYST ling3 2026-09-08 05:12:26 UTC =====
[91m[1mError: [0m{
  "name": "UnknownError",
  "data": {
    "message": "Unexpected server error. Check server logs for details.",
    "ref": "err_28461e27"
  }
}
===== ANALYST ling3 2026-09-08 09:47:18 UTC =====
[91m[1mError: [0m{
  "name": "UnknownError",
  "data": {
    "message": "Unexpected server error. Check server logs for details.",
    "ref": "err_c70256dc"
  }
}
===== ANALYST ling3 2026-09-08 14:20:23 UTC =====
[91m[1mError: [0m{
  "name": "UnknownError",
  "data": {
    "message": "Unexpected server error. Check server logs for details.",
    "ref": "err_75b11242"
  }
}
===== ANALYST ling3 2026-09-08 18:10:29 UTC =====
[91m[1mError: [0m{
  "name": "UnknownError",
  "data": {
    "message": "Unexpected server error. Check server logs for details.",
    "ref": "err_da1a67b8"
  }
}
===== ANALYST ling3 2026-09-08 20:35:57 UTC =====
[91m[1mError: [0m{
  "name": "UnknownError",
  "data": {
    "message": "Unexpected server error. Check server logs for details.",
    "ref": "err_23716b0a"
  }
}
===== ANALYST ling3 2026-09-08 22:59:26 UTC =====
[91m[1mError: [0m{
  "name": "UnknownError",
  "data": {
    "message": "Unexpected server error. Check server logs for details.",
    "ref": "err_d97f4e7b"
  }
}
===== ANALYST ling3 2026-09-09 01:16:30 UTC =====
[91m[1mError: [0m{
  "name": "UnknownError",
  "data": {
    "message": "Unexpected server error. Check server logs for details.",
    "ref": "err_5713f301"
  }
}
===== ANALYST ling3 2026-09-09 05:56:28 UTC =====
[91m[1mError: [0m{
  "name": "UnknownError",
  "data": {
    "message": "Unexpected server error. Check server logs for details.",
    "ref": "err_6d01e86e"
  }
}
===== ANALYST ling3 2026-09-09 10:46:31 UTC =====
[91m[1mError: [0m{
  "name": "UnknownError",
  "data": {
    "message": "Unexpected server error. Check server logs for details.",
    "ref": "err_0d9e0b96"
  }
}
===== ANALYST ling3 2026-09-09 14:50:14 UTC =====
[91m[1mError: [0m{
  "name": "UnknownError",
  "data": {
    "message": "Unexpected server error. Check server logs for details.",
    "ref": "err_fd70e8e8"
  }
}
===== ANALYST ling3 2026-09-09 18:15:41 UTC =====
[91m[1mError: [0m{
  "name": "UnknownError",
  "data": {
    "message": "Unexpected server error. Check server logs for details.",
    "ref": "err_0b562cbe"
  }
}
===== ANALYST ling3 2026-09-09 21:01:57 UTC =====
[91m[1mError: [0m{
  "name": "UnknownError",
  "data": {
    "message": "Unexpected server error. Check server logs for details.",
    "ref": "err_8f137cff"
  }
}
===== ANALYST ling3 2026-09-09 23:14:42 UTC =====
[91m[1mError: [0m{
  "name": "UnknownError",
  "data": {
    "message": "Unexpected server error. Check server logs for details.",
    "ref": "err_972e36c0"
  }
}
===== ANALYST ling3 2026-09-10 00:50:33 UTC =====
[91m[1mError: [0m{
  "name": "UnknownError",
  "data": {
    "message": "Unexpected server error. Check server logs for details.",
    "ref": "err_c324c921"
  }
}
===== ANALYST ling3 2026-09-10 05:31:54 UTC =====
[91m[1mError: [0m{
  "name": "UnknownError",
  "data": {
    "message": "Unexpected server error. Check server logs for details.",
    "ref": "err_2e6ec25f"
  }
}
===== ANALYST ling3 2026-09-10 10:12:59 UTC =====
[91m[1mError: [0m{
  "name": "UnknownError",
  "data": {
    "message": "Unexpected server error. Check server logs for details.",
    "ref": "err_45b490da"
  }
}
===== ANALYST ling3 2026-09-10 14:36:44 UTC =====
[91m[1mError: [0m{
  "name": "UnknownError",
  "data": {
    "message": "Unexpected server error. Check server logs for details.",
    "ref": "err_7c8a76fd"
  }
}
===== ANALYST ling3 2026-09-10 17:57:53 UTC =====
[91m[1mError: [0m{
  "name": "UnknownError",
  "data": {
    "message": "Unexpected server error. Check server logs for details.",
    "ref": "err_e3e88df9"
  }
}
===== ANALYST ling3 2026-09-10 20:20:47 UTC =====
[91m[1mError: [0m{
  "name": "UnknownError",
  "data": {
    "message": "Unexpected server error. Check server logs for details.",
    "ref": "err_5aa652fa"
  }
}
===== ANALYST ling3 2026-09-10 22:39:12 UTC =====
[91m[1mError: [0m{
  "name": "UnknownError",
  "data": {
    "message": "Unexpected server error. Check server logs for details.",
    "ref": "err_03520747"
  }
}
===== ANALYST ling3 2026-09-11 00:44:48 UTC =====
[91m[1mError: [0m{
  "name": "UnknownError",
  "data": {
    "message": "Unexpected server error. Check server logs for details.",
    "ref": "err_f29eb7b2"
  }
}
===== ANALYST ling3 2026-09-11 05:12:37 UTC =====
[91m[1mError: [0m{
  "name": "UnknownError",
  "data": {
    "message": "Unexpected server error. Check server logs for details.",
    "ref": "err_ce6e2c63"
  }
}
===== ANALYST ling3 2026-09-11 09:52:37 UTC =====
[91m[1mError: [0m{
  "name": "UnknownError",
  "data": {
    "message": "Unexpected server error. Check server logs for details.",
    "ref": "err_2849d65e"
  }
}
===== ANALYST ling3 2026-09-11 14:07:58 UTC =====
[91m[1mError: [0m{
  "name": "UnknownError",
  "data": {
    "message": "Unexpected server error. Check server logs for details.",
    "ref": "err_ef273eed"
  }
}
===== ANALYST ling3 2026-09-11 17:49:10 UTC =====
[91m[1mError: [0m{
  "name": "UnknownError",
  "data": {
    "message": "Unexpected server error. Check server logs for details.",
    "ref": "err_bbf2c99c"
  }
}
===== ANALYST ling3 2026-09-11 20:07:33 UTC =====
[91m[1mError: [0m{
  "name": "UnknownError",
  "data": {
    "message": "Unexpected server error. Check server logs for details.",
    "ref": "err_75dd5540"
  }
}
===== ANALYST ling3 2026-09-11 22:27:32 UTC =====
[91m[1mError: [0m{
  "name": "UnknownError",
  "data": {
    "message": "Unexpected server error. Check server logs for details.",
    "ref": "err_438ddcd8"
  }
}
===== ANALYST ling3 2026-09-12 00:38:34 UTC =====
[91m[1mError: [0m{
  "name": "UnknownError",
  "data": {
    "message": "Unexpected server error. Check server logs for details.",
    "ref": "err_1b3a4957"
  }
}
===== ANALYST ling3 2026-09-12 05:01:08 UTC =====
[91m[1mError: [0m{
  "name": "UnknownError",
  "data": {
    "message": "Unexpected server error. Check server logs for details.",
    "ref": "err_e363cf57"
  }
}
===== ANALYST ling3 2026-09-12 09:04:28 UTC =====
[91m[1mError: [0m{
  "name": "UnknownError",
  "data": {
    "message": "Unexpected server error. Check server logs for details.",
    "ref": "err_06eb5fb3"
  }
}
===== ANALYST ling3 2026-09-12 12:54:56 UTC =====
[91m[1mError: [0m{
  "name": "UnknownError",
  "data": {
    "message": "Unexpected server error. Check server logs for details.",
    "ref": "err_22606d71"
  }
}
===== ANALYST ling3 2026-09-12 16:07:18 UTC =====
[91m[1mError: [0m{
  "name": "UnknownError",
  "data": {
    "message": "Unexpected server error. Check server logs for details.",
    "ref": "err_989c5790"
  }
}
===== ANALYST ling3 2026-09-12 18:03:28 UTC =====
[91m[1mError: [0m{
  "name": "UnknownError",
  "data": {
    "message": "Unexpected server error. Check server logs for details.",
    "ref": "err_51096fe0"
  }
}
===== ANALYST ling3 2026-09-12 20:44:26 UTC =====
[91m[1mError: [0m{
  "name": "UnknownError",
  "data": {
    "message": "Unexpected server error. Check server logs for details.",
    "ref": "err_8567a157"
  }
}
===== ANALYST ling3 2026-09-12 22:33:52 UTC =====
[91m[1mError: [0m{
  "name": "UnknownError",
  "data": {
    "message": "Unexpected server error. Check server logs for details.",
    "ref": "err_8d672b57"
  }
}
===== ANALYST ling3 2026-09-13 00:17:32 UTC =====
[91m[1mError: [0m{
  "name": "UnknownError",
  "data": {
    "message": "Unexpected server error. Check server logs for details.",
    "ref": "err_e7918d16"
  }
}
===== ANALYST ling3 2026-09-13 05:09:17 UTC =====
[91m[1mError: [0m{
  "name": "UnknownError",
  "data": {
    "message": "Unexpected server error. Check server logs for details.",
    "ref": "err_a5b98404"
  }
}
===== ANALYST ling3 2026-09-13 10:00:13 UTC =====
[91m[1mError: [0m{
  "name": "UnknownError",
  "data": {
    "message": "Unexpected server error. Check server logs for details.",
    "ref": "err_db2cd8d0"
  }
}
===== ANALYST ling3 2026-09-13 14:19:08 UTC =====
[91m[1mError: [0m{
  "name": "UnknownError",
  "data": {
    "message": "Unexpected server error. Check server logs for details.",
    "ref": "err_a116fad5"
  }
}
===== ANALYST ling3 2026-09-13 17:22:56 UTC =====
[91m[1mError: [0m{
  "name": "UnknownError",
  "data": {
    "message": "Unexpected server error. Check server logs for details.",
    "ref": "err_31423da1"
  }
}
===== ANALYST ling3 2026-09-13 19:38:42 UTC =====
[91m[1mError: [0m{
  "name": "UnknownError",
  "data": {
    "message": "Unexpected server error. Check server logs for details.",
    "ref": "err_4a582db2"
  }
}
===== ANALYST ling3 2026-09-13 21:40:13 UTC =====
[91m[1mError: [0m{
  "name": "UnknownError",
  "data": {
    "message": "Unexpected server error. Check server logs for details.",
    "ref": "err_31741124"
  }
}
===== ANALYST ling3 2026-09-13 23:33:53 UTC =====
[91m[1mError: [0m{
  "name": "UnknownError",
  "data": {
    "message": "Unexpected server error. Check server logs for details.",
    "ref": "err_14933486"
  }
}
===== ANALYST ling3 2026-09-14 01:36:12 UTC =====
[91m[1mError: [0m{
  "name": "UnknownError",
  "data": {
    "message": "Unexpected server error. Check server logs for details.",
    "ref": "err_f55e5938"
  }
}
===== ANALYST ling3 2026-09-14 07:06:06 UTC =====
[91m[1mError: [0m{
  "name": "UnknownError",
  "data": {
    "message": "Unexpected server error. Check server logs for details.",
    "ref": "err_33141075"
  }
}
===== ANALYST ling3 2026-09-14 14:02:51 UTC =====
[91m[1mError: [0m{
  "name": "UnknownError",
  "data": {
    "message": "Unexpected server error. Check server logs for details.",
    "ref": "err_ee307f24"
  }
}
===== ANALYST ling3 2026-09-14 19:02:36 UTC =====
[91m[1mError: [0m{
  "name": "UnknownError",
  "data": {
    "message": "Unexpected server error. Check server logs for details.",
    "ref": "err_7612658b"
  }
}
===== ANALYST ling3 2026-09-14 22:18:36 UTC =====
[91m[1mError: [0m{
  "name": "UnknownError",
  "data": {
    "message": "Unexpected server error. Check server logs for details.",
    "ref": "err_8d054fc4"
  }
}
===== ANALYST ling3 2026-09-15 00:42:33 UTC =====
[91m[1mError: [0m{
  "name": "UnknownError",
  "data": {
    "message": "Unexpected server error. Check server logs for details.",
    "ref": "err_fdbb2835"
  }
}
===== ANALYST ling3 2026-09-15 05:23:41 UTC =====
[91m[1mError: [0m{
  "name": "UnknownError",
  "data": {
    "message": "Unexpected server error. Check server logs for details.",
    "ref": "err_5f422104"
  }
}
===== ANALYST ling3 2026-09-15 10:28:06 UTC =====
[91m[1mError: [0m{
  "name": "UnknownError",
  "data": {
    "message": "Unexpected server error. Check server logs for details.",
    "ref": "err_a4948d95"
  }
}
===== ANALYST ling3 2026-09-15 15:35:16 UTC =====
[91m[1mError: [0m{
  "name": "UnknownError",
  "data": {
    "message": "Unexpected server error. Check server logs for details.",
    "ref": "err_4db07a17"
  }
}
===== ANALYST ling3 2026-09-15 19:07:04 UTC =====
[91m[1mError: [0m{
  "name": "UnknownError",
  "data": {
    "message": "Unexpected server error. Check server logs for details.",
    "ref": "err_5e694374"
  }
}
===== ANALYST ling3 2026-09-15 22:20:26 UTC =====
[91m[1mError: [0m{
  "name": "UnknownError",
  "data": {
    "message": "Unexpected server error. Check server logs for details.",
    "ref": "err_c76f110f"
  }
}
===== ANALYST ling3 2026-09-16 00:28:00 UTC =====
[91m[1mError: [0m{
  "name": "UnknownError",
  "data": {
    "message": "Unexpected server error. Check server logs for details.",
    "ref": "err_51ac2dd6"
  }
}
===== ANALYST ling3 2026-09-16 05:14:52 UTC =====
[91m[1mError: [0m{
  "name": "UnknownError",
  "data": {
    "message": "Unexpected server error. Check server logs for details.",
    "ref": "err_144c3401"
  }
}
===== ANALYST ling3 2026-09-16 10:07:26 UTC =====
[91m[1mError: [0m{
  "name": "UnknownError",
  "data": {
    "message": "Unexpected server error. Check server logs for details.",
    "ref": "err_6cf99d45"
  }
}
===== ANALYST ling3 2026-09-16 14:44:03 UTC =====
[91m[1mError: [0m{
  "name": "UnknownError",
  "data": {
    "message": "Unexpected server error. Check server logs for details.",
    "ref": "err_be9685ae"
  }
}
===== ANALYST ling3 2026-09-16 18:54:01 UTC =====
[91m[1mError: [0m{
  "name": "UnknownError",
  "data": {
    "message": "Unexpected server error. Check server logs for details.",
    "ref": "err_ac154896"
  }
}
===== ANALYST ling3 2026-09-16 21:45:19 UTC =====
[91m[1mError: [0m{
  "name": "UnknownError",
  "data": {
    "message": "Unexpected server error. Check server logs for details.",
    "ref": "err_d6104dfd"
  }
}
===== ANALYST ling3 2026-09-16 23:51:54 UTC =====
[91m[1mError: [0m{
  "name": "UnknownError",
  "data": {
    "message": "Unexpected server error. Check server logs for details.",
    "ref": "err_6eb4ad95"
  }
}
===== ANALYST ling3 2026-09-17 02:37:15 UTC =====
[91m[1mError: [0m{
  "name": "UnknownError",
  "data": {
    "message": "Unexpected server error. Check server logs for details.",
    "ref": "err_21ca4ccb"
  }
}
===== ANALYST ling3 2026-09-17 07:59:25 UTC =====
[91m[1mError: [0m{
  "name": "UnknownError",
  "data": {
    "message": "Unexpected server error. Check server logs for details.",
    "ref": "err_5d32dbf3"
  }
}
===== ANALYST ling3 2026-09-17 13:07:41 UTC =====
[91m[1mError: [0m{
  "name": "UnknownError",
  "data": {
    "message": "Unexpected server error. Check server logs for details.",
    "ref": "err_d2b0d78e"
  }
}
===== ANALYST ling3 2026-09-17 17:42:27 UTC =====
[91m[1mError: [0m{
  "name": "UnknownError",
  "data": {
    "message": "Unexpected server error. Check server logs for details.",
    "ref": "err_6a99ca4f"
  }
}
===== ANALYST ling3 2026-09-17 20:38:24 UTC =====
[91m[1mError: [0m{
  "name": "UnknownError",
  "data": {
    "message": "Unexpected server error. Check server logs for details.",
    "ref": "err_d37bd1fb"
  }
}
===== ANALYST ling3 2026-09-17 23:05:23 UTC =====
[91m[1mError: [0m{
  "name": "UnknownError",
  "data": {
    "message": "Unexpected server error. Check server logs for details.",
    "ref": "err_95a7d97d"
  }
}
===== ANALYST ling3 2026-09-18 01:24:17 UTC =====
[91m[1mError: [0m{
  "name": "UnknownError",
  "data": {
    "message": "Unexpected server error. Check server logs for details.",
    "ref": "err_403ae02a"
  }
}
===== ANALYST ling3 2026-09-18 06:04:37 UTC =====
[91m[1mError: [0m{
  "name": "UnknownError",
  "data": {
    "message": "Unexpected server error. Check server logs for details.",
    "ref": "err_ee0230fd"
  }
}
===== ANALYST ling3 2026-09-18 10:54:07 UTC =====
[91m[1mError: [0m{
  "name": "UnknownError",
  "data": {
    "message": "Unexpected server error. Check server logs for details.",
    "ref": "err_d13ee5ec"
  }
}
===== ANALYST ling3 2026-09-18 14:44:53 UTC =====
[91m[1mError: [0m{
  "name": "UnknownError",
  "data": {
    "message": "Unexpected server error. Check server logs for details.",
    "ref": "err_8f093e1e"
  }
}
===== ANALYST ling3 2026-09-18 18:04:45 UTC =====
[91m[1mError: [0m{
  "name": "UnknownError",
  "data": {
    "message": "Unexpected server error. Check server logs for details.",
    "ref": "err_cda527e7"
  }
}
===== ANALYST ling3 2026-09-18 20:30:47 UTC =====
[91m[1mError: [0m{
  "name": "UnknownError",
  "data": {
    "message": "Unexpected server error. Check server logs for details.",
    "ref": "err_341858fd"
  }
}
===== ANALYST ling3 2026-09-18 22:48:44 UTC =====
[91m[1mError: [0m{
  "name": "UnknownError",
  "data": {
    "message": "Unexpected server error. Check server logs for details.",
    "ref": "err_1941dbb9"
  }
}
===== ANALYST ling3 2026-09-19 00:51:10 UTC =====
[91m[1mError: [0m{
  "name": "UnknownError",
  "data": {
    "message": "Unexpected server error. Check server logs for details.",
    "ref": "err_998b37d8"
  }
}
===== ANALYST ling3 2026-09-19 05:21:17 UTC =====
[91m[1mError: [0m{
  "name": "UnknownError",
  "data": {
    "message": "Unexpected server error. Check server logs for details.",
    "ref": "err_8428c6ba"
  }
}
===== ANALYST ling3 2026-09-19 09:39:12 UTC =====
[91m[1mError: [0m{
  "name": "UnknownError",
  "data": {
    "message": "Unexpected server error. Check server logs for details.",
    "ref": "err_c7ff8993"
  }
}
===== ANALYST ling3 2026-09-19 13:27:52 UTC =====
[91m[1mError: [0m{
  "name": "UnknownError",
  "data": {
    "message": "Unexpected server error. Check server logs for details.",
    "ref": "err_de6c64e8"
  }
}
===== ANALYST ling3 2026-09-19 16:51:18 UTC =====
[91m[1mError: [0m{
  "name": "UnknownError",
  "data": {
    "message": "Unexpected server error. Check server logs for details.",
    "ref": "err_e12ffd29"
  }
}
